object_files\accpr_auto_conf.o
object_files\accpr_chkprmext.o
object_files\adchal.o
object_files\adchal_forcelow.o
object_files\adchal_get.o
object_files\adchal_getfid.o
object_files\adchal_getratio.o
object_files\adchal_getrawratio.o
object_files\adchal_getreference.o
object_files\adchal_ini.o
object_files\adchal_release.o
object_files\adci_func_auto_conf.o
object_files\adci_proc_auto_conf.o
object_files\adc_auto_conf.o
object_files\ads7841.o
object_files\ads7841_auto_conf.o
object_files\ads7841_get.o
object_files\ads7841_ini.o
object_files\amd29bdd160_prog.o
object_files\ats_auto_conf.o
object_files\ats_std_cnvfromint.o
object_files\ats_std_cnvtoint.o
object_files\ats_std_getactrval.o
object_files\ats_std_getactrval8.o
object_files\ats_std_getactrvalint.o
object_files\ats_std_getactrvalint8.o
object_files\ats_std_getenacond.o
object_files\ats_std_getstatus.o
object_files\ats_std_monitor_proc.o
object_files\ats_std_resetall.o
object_files\ats_std_setdfltval.o
object_files\ats_std_setintvval.o
object_files\ats_std_subsval.o
object_files\ats_std_subsval8.o
object_files\ats_std_updactrval.o
object_files\ats_std_updactrval8.o
object_files\ats_std_updenacond.o
object_files\b2c_sched.o
object_files\bassvrappl_checkprog.o
object_files\bassvrappl_compr.o
object_files\bassvrappl_dsm.o
object_files\basutil_3bytebaudratealg.o
object_files\basutil_cbutil_testib.o
object_files\basutil_checksum.o
object_files\basutil_comparekey.o
object_files\basutil_ecuhardreset.o
object_files\basutil_ecupoweronreset.o
object_files\basutil_ecurbprogreset.o
object_files\basutil_fixbaudratealg.o
object_files\basutil_getaddress32.o
object_files\basutil_getrandomseed.o
object_files\basutil_ikbaudratealg.o
object_files\basutil_key_auto_conf.o
object_files\basutil_random.o
object_files\bsp742.o
object_files\bsp742_auto_conf.o
object_files\bsp742_clearerr.o
object_files\bsp742_diag_port.o
object_files\bsp742_diag_sequence.o
object_files\bsp742_diag_testimpulse.o
object_files\bsp742_dioset.o
object_files\bsp742_geterrorinfo.o
object_files\bsp742_switchoff.o
object_files\bsp742_tstimp.o
object_files\can2frm.o
object_files\can_auto_conf.o
object_files\can_busoffintr.o
object_files\can_changebaudrate.o
object_files\can_changemsgid.o
object_files\can_changetxrx.o
object_files\can_disableintr.o
object_files\can_disablemsg.o
object_files\can_disablemsgintr.o
object_files\can_disablenode.o
object_files\can_enableintr.o
object_files\can_enablemsg.o
object_files\can_enablemsgintr.o
object_files\can_getmsgstatus.o
object_files\can_getnoderrorcounter.o
object_files\can_getnodestatus.o
object_files\can_getnumhwbuffersused.o
object_files\can_init.o
object_files\can_initgateway.o
object_files\can_initnode.o
object_files\can_initrxqueue.o
object_files\can_inittxqueue.o
object_files\can_isnodeconfigured.o
object_files\can_msgobjpriority.o
object_files\can_readmsgid.o
object_files\can_readtxmsgdata.o
object_files\can_receiveintr.o
object_files\can_receivemsg.o
object_files\can_receivemsgcrc.o
object_files\can_rxqueue.o
object_files\can_startnode.o
object_files\can_stopnode.o
object_files\can_transmitintr.o
object_files\can_transmitmsg.o
object_files\can_transmitmsg_buggy.o
object_files\can_transmitstart.o
object_files\can_transmitstop.o
object_files\can_txqueue.o
object_files\cbadci_get.o
object_files\cbadci_ini.o
object_files\ccpappl_appl.o
object_files\ccpappl_canappl.o
object_files\ccpappl_keyappl.o
object_files\ccpappl_memappl.o
object_files\ccp_auto_conf.o
object_files\ccp_buildchksum.o
object_files\ccp_coldstart.o
object_files\ccp_connect.o
object_files\ccp_daqhand.o
object_files\ccp_daqtrans.o
object_files\ccp_daqtx_pcp.o
object_files\ccp_dispat.o
object_files\ccp_dnload.o
object_files\ccp_dnload6.o
object_files\ccp_geninit.o
object_files\ccp_getcalpage.o
object_files\ccp_getvers.o
object_files\ccp_handshake.o
object_files\ccp_memacc.o
object_files\ccp_move.o
object_files\ccp_nextodt.o
object_files\ccp_resume.o
object_files\ccp_sampevent.o
object_files\ccp_sample.o
object_files\ccp_seedkey.o
object_files\ccp_selcalpage.o
object_files\ccp_sessstart.o
object_files\ccp_setmta.o
object_files\ccp_shortup.o
object_files\ccp_startstop.o
object_files\ccp_startstopall.o
object_files\ccp_test.o
object_files\ccp_txevent.o
object_files\ccp_upload.o
object_files\ccp_usrcldstart.o
object_files\ccp_xchgid.o
object_files\cdrv_shared.o
object_files\cj125.o
object_files\cj125_auto_conf.o
object_files\cj125_diagnosis.o
object_files\cj125_getdiareg.o
object_files\cj125_geterrorinfo.o
object_files\cj125_getmode.o
object_files\cj125_setmode.o
object_files\cj135.o
object_files\cj135_auto_conf.o
object_files\cj135_dia.o
object_files\cj135_dia_testimpulse.o
object_files\cj135_disheatrps.o
object_files\cj135_get.o
object_files\cj135_geterrstatinfo.o
object_files\cj135_heater.o
object_files\cj135_ini.o
object_files\cj135_rambnk.o
object_files\cj135_rdmeas.o
object_files\cj135_regbnk.o
object_files\cj135_set.o
object_files\cj950.o
object_files\cj950_abe_impact.o
object_files\cj950_auto_conf.o
object_files\cj950_clearerr.o
object_files\cj950_diag_cmd.o
object_files\cj950_diag_msc.o
object_files\cj950_diag_sequence.o
object_files\cj950_diag_testimpulse.o
object_files\cj950_dioset.o
object_files\cj950_geterrorinfo.o
object_files\cj950_getstate.o
object_files\cj950_pm.o
object_files\cj950_pvmt.o
object_files\cj950_scb_mode.o
object_files\cj950_shutoffpwrstg.o
object_files\cj950_switchoff.o
object_files\cj950_switch_diagcurr.o
object_files\cj950_switch_overload.o
object_files\cj950_tstimp.o
object_files\coeng_steng.o
object_files\core_env_auto_conf.o
object_files\core_env_chkclkcstnc.o
object_files\cpu_auto_conf.o
object_files\cpu_calccrc.o
object_files\cpu_debugvars.o
object_files\cpu_detectdebugger.o
object_files\cpu_die_temp.o
object_files\cpu_endinit.o
object_files\cpu_errorint.o
object_files\cpu_getwatchdogtimeout.o
object_files\cpu_gptasrndemux.o
object_files\cpu_initram.o
object_files\cpu_memchk.o
object_files\cpu_monitoring.o
object_files\cpu_setwatchdogtimeout.o
object_files\cpu_swapbytebuf16.o
object_files\cpu_swapbytebuf32.o
object_files\cpu_watchdog_proc.o
object_files\cy327.o
object_files\cy327_auto_conf.o
object_files\cy327_diag_sequence.o
object_files\cy327_diag_testimpulse.o
object_files\cy327_geterrorinfo.o
object_files\cy327_getsupplyinfo.o
object_files\cy327_getwdanow.o
object_files\cy327_ini.o
object_files\cy327_monitoring.o
object_files\cy327_pm.o
object_files\cy327_power.o
object_files\cy327_pwrgetshdwn.o
object_files\cy327_reinit.o
object_files\cy327_tstimp.o
object_files\d2ctr.o
object_files\dcanappl.o
object_files\dcanappl_tp.o
object_files\dcan_auto_conf.o
object_files\dcan_com.o
object_files\dcan_ini.o
object_files\dcan_swbdrate.o
object_files\dcan_terminate.o
object_files\dcan_wakeup.o
object_files\dcan_work.o
object_files\dcan_wupreini.o
object_files\ddrc_auto_conf.o
object_files\ddrc_clear_all.o
object_files\ddrc_conf.o
object_files\ddrc_evnt_row.o
object_files\ddrc_evnt_row_sm.o
object_files\ddrc_evnt_ud.o
object_files\ddrc_evnt_ud_sm.o
object_files\ddrc_get_status.o
object_files\ddrc_get_tmr.o
object_files\ddrc_init.o
object_files\ddrc_no_deb.o
object_files\ddrc_proc.o
object_files\ddrc_reset.o
object_files\ddrc_reset_clear.o
object_files\ddrc_switch.o
object_files\ddrc_ti_row.o
object_files\ddrc_ti_row_sm.o
object_files\ddrc_ti_ud.o
object_files\ddrc_ti_ud_sm.o
object_files\decj.o
object_files\deve.o
object_files\devlib_digout.o
object_files\devlib_digouterrhndlr.o
object_files\devlib_digouterrhndlrext.o
object_files\devlib_digouterrhndlrtstpls.o
object_files\devlib_digoutext.o
object_files\devlib_psdiag.o
object_files\devlib_pwmout.o
object_files\devlib_pwmouterrhndlr.o
object_files\devlib_pwmouterrhndlrext.o
object_files\devlib_pwmouterrhndlrtstpls.o
object_files\devlib_pwmoutext.o
object_files\devlib_pwrstgstate.o
object_files\devlib_src.o
object_files\devlib_srcmnmxop.o
object_files\devlib_transstage.o
object_files\dfc_array.o
object_files\dfc_auto_conf.o
object_files\dfc_conf.o
object_files\dfc_disbl_state.o
object_files\dfc_final.o
object_files\dfc_get.o
object_files\dfc_get_mask.o
object_files\dfc_init.o
object_files\dfc_measurement.o
object_files\dfc_report.o
object_files\dfc_reportval.o
object_files\dfc_sim_cond.o
object_files\dfc_sim_cond_curr.o
object_files\dfes_100ms.o
object_files\dfes_afterrun.o
object_files\dfes_aux_background.o
object_files\dfes_check_state.o
object_files\dfes_chkclr_ini.o
object_files\dfes_chkdltdem.o
object_files\dfes_clear.o
object_files\dfes_conf.o
object_files\dfes_create_entry.o
object_files\dfes_ctl_set.o
object_files\dfes_dia_actenvdata.o
object_files\dfes_dia_clear.o
object_files\dfes_dia_dtc.o
object_files\dfes_dia_envblk.o
object_files\dfes_dia_frzfr.o
object_files\dfes_dia_lst_clear.o
object_files\dfes_dia_st_raw.o
object_files\dfes_dia_visible.o
object_files\dfes_entry_prio.o
object_files\dfes_entry_state.o
object_files\dfes_env.o
object_files\dfes_extdfltr.o
object_files\dfes_fltcls_cust_auto_conf.o
object_files\dfes_frz_only.o
object_files\dfes_get_entry_int_idx.o
object_files\dfes_get_info_dfc.o
object_files\dfes_handle_counters.o
object_files\dfes_hash.o
object_files\dfes_info_df.o
object_files\dfes_init.o
object_files\dfes_mode7vis.o
object_files\dfes_mon.o
object_files\dfes_monitoring.o
object_files\dfes_outstate.o
object_files\dfes_report.o
object_files\dfes_scan_order.o
object_files\dfes_scan_triggers.o
object_files\dfes_sim_cond.o
object_files\dfes_validate.o
object_files\dfp_auto_conf.o
object_files\dfp_conf.o
object_files\dfp_fes_info.o
object_files\dfp_ffr_info.o
object_files\dfp_get.o
object_files\dfp_getclf.o
object_files\dfp_pid41.o
object_files\dfp_rep.o
object_files\dfp_repsum.o
object_files\diaactr_elecpsdiag.o
object_files\diagappl.o
object_files\diagcomappl_appl.o
object_files\diagcom_auto_conf.o
object_files\diag_auto_conf.o
object_files\diag_session.o
object_files\diag_session_background.o
object_files\diag_session_distrib.o
object_files\diag_session_ini.o
object_files\diag_session_net.o
object_files\diag_session_reini.o
object_files\diag_session_roe.o
object_files\diag_session_savemsg.o
object_files\diag_session_sess.o
object_files\diag_utility.o
object_files\dinh_auto_conf.o
object_files\dinh_conf.o
object_files\dinh_getpermission.o
object_files\dinh_getptoinh.o
object_files\dinh_init.o
object_files\dinh_measurement.o
object_files\dinh_mon.o
object_files\dinh_updt_dfc.o
object_files\dinh_updt_dsq.o
object_files\dio.o
object_files\dio_adcget.o
object_files\dio_auto_conf.o
object_files\dio_cic751adcget.o
object_files\dio_clearerrindirect.o
object_files\dio_cy100adcget.o
object_files\dio_dummyclearerr.o
object_files\dio_dummygeterrorinfo.o
object_files\dio_dummygetfunc.o
object_files\dio_dummyolcurrsw.o
object_files\dio_dummysetfunc.o
object_files\dio_dummyswitchoff.o
object_files\dio_dummytstimp.o
object_files\dio_geterrorinfoindirect.o
object_files\dio_getfidindirect.o
object_files\dio_olcurrswindirect.o
object_files\dio_proc_ini.o
object_files\dio_switchofffunc.o
object_files\dio_tstimpfunc.o
object_files\dio_tstimpindirect.o
object_files\diumpr_cldstrtden.o
object_files\diumpr_conf.o
object_files\diumpr_evapden.o
object_files\diumpr_inf.o
object_files\diumpr_inf_ctl_api.o
object_files\diumpr_inf_extd.o
object_files\diumpr_init.o
object_files\diumpr_proc.o
object_files\diumpr_pto.o
object_files\diumpr_pto_init.o
object_files\dma.o
object_files\dma_shutdown.o
object_files\dme.o
object_files\dme_background.o
object_files\dme_bgchecksum.o
object_files\dme_block.o
object_files\dme_calmem.o
object_files\dme_checksum.o
object_files\dme_copyflash.o
object_files\dme_copyflashprepare.o
object_files\dme_cycliccalibration.o
object_files\dme_getptagroup.o
object_files\dme_getstate.o
object_files\dme_init.o
object_files\dme_ovl.o
object_files\dme_ovlsuspend.o
object_files\dme_pta.o
object_files\dme_read.o
object_files\dme_redirect.o
object_files\dme_seram.o
object_files\dme_setaction.o
object_files\dme_setcalpage.o
object_files\dme_variant.o
object_files\dme_write.o
object_files\dme_writesub.o
object_files\dps_tmp.o
object_files\dsched_eval_aux.o
object_files\dsched_eval_conf.o
object_files\dsched_eval_dyn_prio.o
object_files\dsched_eval_init.o
object_files\dsched_eval_proc.o
object_files\dsched_eval_test_req.o
object_files\dsmappl_fadeout.o
object_files\dsmaux_auto_conf.o
object_files\dsmaux_conf.o
object_files\dsmaux_init.o
object_files\dsmaux_postdrive.o
object_files\dsmaux_proc.o
object_files\dsmaux_rsponevt.o
object_files\dsmaux_syc_postdrive.o
object_files\dsmaux_syc_reinit.o
object_files\dsmaux_tcsort.o
object_files\dsmconf_auto_conf.o
object_files\dsmdur_conf.o
object_files\dsmdur_dfes.o
object_files\dsmdur_init.o
object_files\dsmdur_proc.o
object_files\dsmdur_reset.o
object_files\dsmrdy_auto_conf.o
object_files\dsmrdy_conf.o
object_files\dsmrdy_force.o
object_files\dsmrdy_inh.o
object_files\dsmrdy_init.o
object_files\dsmrdy_scan.o
object_files\dsm_conf.o
object_files\dsq_array.o
object_files\dsq_auto_conf.o
object_files\dsq_conf.o
object_files\dsq_init.o
object_files\dsq_measurement.o
object_files\dsq_report.o
object_files\dtrg2med.o
object_files\dtr_array.o
object_files\dtr_auto_conf.o
object_files\dtr_clear.o
object_files\dtr_conf.o
object_files\dtr_dia_can.o
object_files\dtr_dia_kline.o
object_files\dtr_gs_adapter.o
object_files\dtr_report.o
object_files\duart_auto_conf.o
object_files\eec_auto_conf.o
object_files\eec_init.o
object_files\eeebd_auto_conf.o
object_files\eeebd_calcenvramprop.o
object_files\eeebd_erasesequence.o
object_files\eeebd_firstinit.o
object_files\eeebd_getstate.o
object_files\eeebd_ini.o
object_files\eeebd_migrationini.o
object_files\eeebd_proc.o
object_files\eeebd_readblock.o
object_files\eeebd_repairmsb.o
object_files\eeebd_stateblkcopy.o
object_files\eeebd_statechkblk.o
object_files\eeebd_stateprepdata.o
object_files\eeebd_statesectchg.o
object_files\eeebd_statewrdatamp.o
object_files\eeebd_statewrdatasp.o
object_files\eeebd_statewritemarker.o
object_files\eeebd_statewritetoc.o
object_files\eeebd_substchkblkcs.o
object_files\eeebd_substdecision.o
object_files\eeebd_substini.o
object_files\eeebd_substloadpvt.o
object_files\eeebd_substrddata.o
object_files\eeebd_substsearchtocentry.o
object_files\eeebd_writeblock.o
object_files\eeepdd_auto_conf.o
object_files\eeepdd_blankcheck.o
object_files\eeepdd_buildplc.o
object_files\eeepdd_chksectorvolume.o
object_files\eeepdd_detectsectors.o
object_files\eeepdd_entersectorchange.o
object_files\eeepdd_erasesector.o
object_files\eeepdd_erasesectorverify.o
object_files\eeepdd_ini.o
object_files\eeepdd_leavesectorchange.o
object_files\eeepdd_order_proc.o
object_files\eeepdd_readpage.o
object_files\eeepdd_searchpage.o
object_files\eeepdd_sectorcheck.o
object_files\eeepdd_stateread.o
object_files\eeepdd_statewrite.o
object_files\eeepdd_writepage.o
object_files\eep2med.o
object_files\eephal_adapt.o
object_files\eephal_diag.o
object_files\eephal_eepramini.o
object_files\eephal_envramshutdown.o
object_files\eephal_envram_proc_ini.o
object_files\eephal_firstinitini.o
object_files\eephal_getinitvalues.o
object_files\eephal_getperm.o
object_files\eephal_getstate.o
object_files\eephal_init.o
object_files\eephal_initram.o
object_files\eephal_iss.o
object_files\eephal_main_proc.o
object_files\eephal_orderfifoproc.o
object_files\eephal_placeorder.o
object_files\eephal_postdrive.o
object_files\eephal_predrive.o
object_files\eephal_preparejumptocb.o
object_files\eephal_proc_ini.o
object_files\eephal_read.o
object_files\eephal_readblockstatus.o
object_files\eephal_readram.o
object_files\eephal_repairmsb.o
object_files\eephal_shutdown_proc.o
object_files\eephal_storeeepram.o
object_files\eephal_write.o
object_files\eephal_writeram.o
object_files\eepoa.o
object_files\eepoa_conf.o
object_files\eepoa_initram.o
object_files\eepoa_interface.o
object_files\eep_auto_conf.o
object_files\eesbd_auto_conf.o
object_files\eesbd_calcenvramprop.o
object_files\eesbd_ini.o
object_files\eesbd_readblock.o
object_files\eesbd_repairmsb.o
object_files\eesbd_statechkblk.o
object_files\eesbd_statewrdatamp.o
object_files\eesbd_statewrdatasp.o
object_files\eesbd_substchkblkcs.o
object_files\eesbd_substdecision.o
object_files\eesbd_substini.o
object_files\eesbd_substrddata.o
object_files\eesbd_writeblock.o
object_files\eespdd.o
object_files\eespdd_auto_conf.o
object_files\eespdd_proc.o
object_files\eespdd_statemachine.o
object_files\eespdd_trans.o
object_files\epmcas_adap.o
object_files\epmcas_diag.o
object_files\epmcas_meas.o
object_files\epmcas_ofsdiag.o
object_files\epmcas_seg.o
object_files\epmcrs_diag.o
object_files\epmcrs_plaus.o
object_files\epmcrs_revcnt.o
object_files\epmcrs_seg.o
object_files\epmhcas_auto_conf.o
object_files\epmhcas_sigbuf.o
object_files\epmhcas_sigeval.o
object_files\epmhcrs_interface.o
object_files\epmhcrs_sigbuf.o
object_files\epmhcrs_sigeval.o
object_files\epmhint_intgen.o
object_files\epmhwe_ini.o
object_files\epmhwe_srv.o
object_files\epmrrs_agdetect.o
object_files\epmseq_statemn.o
object_files\epmsrv_lib.o
object_files\epmsyn_caspos.o
object_files\epmsyn_crspos.o
object_files\epm_ini.o
object_files\epm_opmode.o
object_files\epm_spd.o
object_files\epm_spdgrd.o
object_files\epm_swadp.o
object_files\errlmp2med.o
object_files\eru_auto_conf.o
object_files\esc_stack.o
object_files\esc_tasklink.o
object_files\etc_auto_conf.o
object_files\etc_std_adddynpar.o
object_files\etc_std_addtst2lst.o
object_files\etc_std_combrkntststop.o
object_files\etc_std_coproc.o
object_files\etc_std_createdyntst.o
object_files\etc_std_deltstfromlst.o
object_files\etc_std_tstgetabrtreason.o
object_files\etc_std_tstgetbufsize.o
object_files\etc_std_tstgetidtrqinc.o
object_files\etc_std_tstgetlck.o
object_files\etc_std_tstgetrslt.o
object_files\etc_std_tstgetrsltsize.o
object_files\etc_std_tstgetst.o
object_files\etc_std_tstisactv.o
object_files\etc_std_tstpshrsltbyte.o
object_files\etc_std_tstpshrsltset.o
object_files\etc_std_tststop.o
object_files\etc_std_tststrt.o
object_files\execon.o
object_files\execon_auto_conf.o
object_files\fadc.o
object_files\fadc_adc.o
object_files\fadc_clb.o
object_files\fee_bddebugmonitoring.o
object_files\fee_bdlifetimemonitoring.o
object_files\fee_bdorderhandling.o
object_files\fee_bdread.o
object_files\fee_bdwrite.o
object_files\fee_cancel.o
object_files\fee_cbk.o
object_files\fee_cfg.o
object_files\fee_eraseimmediateblock.o
object_files\fee_getjobresult.o
object_files\fee_getstatus.o
object_files\fee_getversioninfo.o
object_files\fee_init.o
object_files\fee_invalidateblock.o
object_files\fee_mainfunction.o
object_files\fee_pddetectsector.o
object_files\fee_pderasesector.o
object_files\fee_pdinvalidatepage.o
object_files\fee_pdread.o
object_files\fee_pdsectorchange.o
object_files\fee_pdwrite.o
object_files\fee_read.o
object_files\fee_setmode.o
object_files\fee_srv.o
object_files\fee_tprot.o
object_files\fee_write.o
object_files\flashhndl.o
object_files\flashhndl_checksession.o
object_files\flashhndl_erase.o
object_files\flashhndl_invalidate.o
object_files\flashhndl_marginread.o
object_files\flashhndl_prog.o
object_files\flashhndl_prot.o
object_files\flashhndl_read.o
object_files\flashhndl_wrapper.o
object_files\flash_auto_conf.o
object_files\gpta.o
object_files\gpta_ascemul.o
object_files\gpta_ascemul_pcp.o
object_files\gpta_auto_conf.o
object_files\gpta_bss_pcp.o
object_files\gpta_calcprty.o
object_files\gpta_mok_pcp.o
object_files\gpta_pwm_gen.o
object_files\gpta_sd.o
object_files\gpta_tog.o
object_files\gpta_tog_pcp.o
object_files\hbr.o
object_files\hbr_auto_conf.o
object_files\hwsig.o
object_files\i14229appl_dsm_getdtcextdr.o
object_files\i14229appl_dsm_getdtclowbyte.o
object_files\i14229appl_dsm_getssrecord.o
object_files\i14229appl_dsm_getstofdtc.o
object_files\i14229appl_rc.o
object_files\i14229appl_seca.o
object_files\i14229appl_seca_delay.o
object_files\i14229_appl.o
object_files\i14229_auto_conf.o
object_files\i14229_cc.o
object_files\i14229_cdi.o
object_files\i14229_cdi_auto_conf.o
object_files\i14229_cdtc.o
object_files\i14229_dddi.o
object_files\i14229_dddi_01.o
object_files\i14229_dddi_02.o
object_files\i14229_dddi_auto_conf.o
object_files\i14229_dsc.o
object_files\i14229_dsc_auto_conf.o
object_files\i14229_dsc_ini.o
object_files\i14229_rc.o
object_files\i14229_rc_auto_conf.o
object_files\i14229_rdbi.o
object_files\i14229_rdbi_auto_conf.o
object_files\i14229_rdbi_ini.o
object_files\i14229_reset.o
object_files\i14229_reset_auto_conf.o
object_files\i14229_roe.o
object_files\i14229_roe_auto_conf.o
object_files\i14229_roe_conf.o
object_files\i14229_seca_auto_conf.o
object_files\i14229_seca_ini.o
object_files\i14229_tpr.o
object_files\ifxflash_prog.o
object_files\ignclpsdd.o
object_files\ignclps_conck.o
object_files\ignclps_dia.o
object_files\igndd.o
object_files\ignh.o
object_files\ignh_conf.o
object_files\ignh_distr_pcp.o
object_files\ignh_maxang_pcp.o
object_files\ignh_pcp.o
object_files\injddpfi.o
object_files\injhpfi.o
object_files\injhpfi_conf.o
object_files\injhpfi_fsm_pcp.o
object_files\injhpfi_maxang_pcp.o
object_files\injhpfi_swir_pcp.o
object_files\isotpappl.o
object_files\isotp_auto_conf.o
object_files\isotp_init.o
object_files\isotp_mgr.o
object_files\isotp_rxmsg.o
object_files\isotp_task.o
object_files\isotp_txmsg.o
object_files\kndetcontrol.o
object_files\kndetltest.o
object_files\kndetsigeval.o
object_files\kndet_fadcctl.o
object_files\kndet_lldinit.o
object_files\kndet_measwinctl.o
object_files\kndet_measwinintrsrv.o
object_files\kndet_subblockintrsrv.o
object_files\l9959.o
object_files\l9959_auto_conf.o
object_files\l9959_ctrl_ifaces.o
object_files\l9959_diagnosis.o
object_files\l9959_diag_ifaces.o
object_files\l9959_mon_ifaces.o
object_files\l9959_pm.o
object_files\l9959_pvmt.o
object_files\l9959_statcon.o
object_files\l9959_state.o
object_files\l9959_testpulse.o
object_files\lin_std_boolread.o
object_files\lin_std_boolwrite.o
object_files\lin_std_bytesread.o
object_files\lin_std_byteswrite.o
object_files\lin_std_connect.o
object_files\lin_std_disconnect.o
object_files\lin_std_errorcallback.o
object_files\lin_std_getstmode.o
object_files\lin_std_gotosleep.o
object_files\lin_std_init.o
object_files\lin_std_iocontrol.o
object_files\lin_std_nodeinit.o
object_files\lin_std_process.o
object_files\lin_std_readstatus.o
object_files\lin_std_rxcallback.o
object_files\lin_std_schedset.o
object_files\lin_std_schedtick.o
object_files\lin_std_setconfig.o
object_files\lin_std_txcallback.o
object_files\lin_std_uint16read.o
object_files\lin_std_uint16write.o
object_files\lin_std_uint8read.o
object_files\lin_std_uint8write.o
object_files\lin_std_wakeup.o
object_files\main.o
object_files\mcop_copy.o
object_files\med2bassvr.o
object_files\memif.o
object_files\memlay_accpr.o
object_files\memlay_accpr_auto_conf.o
object_files\memlay_auto_conf.o
object_files\memlay_cacheinit.o
object_files\memlay_conf.o
object_files\memlay_crc32.o
object_files\memlay_getinfo.o
object_files\memlay_info_conf.o
object_files\memlay_raminit.o
object_files\memlay_reini.o
object_files\memlay_rtprotect.o
object_files\memlay_translate24.o
object_files\millmp_dd.o
object_files\millmp_vd.o
object_files\mli_actvrd.o
object_files\mli_actvwr.o
object_files\mli_auto_conf.o
object_files\mli_errorintr.o
object_files\mli_init.o
object_files\mli_poll.o
object_files\mli_proc_ini.o
object_files\mli_shutdown.o
object_files\mmo.o
object_files\mm_auto_conf.o
object_files\mocadc_co.o
object_files\moccom_co.o
object_files\moccpu_co.o
object_files\mocgpta_co.o
object_files\mocmem_co.o
object_files\mocmem_conf.o
object_files\mocpcp_co.o
object_files\mocpfc_co.o
object_files\mocram_co.o
object_files\mocrom_co.o
object_files\mocsop_co.o
object_files\moexe_co.o
object_files\mofsrv_lib_debu16.o
object_files\mofsrv_lib_debu32.o
object_files\mofsrv_lib_debu8.o
object_files\mofsrv_lib_distrsearchs16.o
object_files\mofsrv_lib_distrsearchu16.o
object_files\mofsrv_lib_distrsearchu8.o
object_files\mofsrv_lib_edgedetect.o
object_files\mofsrv_lib_hysteresis.o
object_files\mofsrv_lib_integraldebs32.o
object_files\mofsrv_lib_ipocurves16.o
object_files\mofsrv_lib_ipocurveu16.o
object_files\mofsrv_lib_ipocurveu16u8.o
object_files\mofsrv_lib_ipocurveu8.o
object_files\mofsrv_lib_ipogroupcurves16.o
object_files\mofsrv_lib_ipogroupcurveu16.o
object_files\mofsrv_lib_ipogroupcurveu8.o
object_files\mofsrv_lib_ipogroupmaps16.o
object_files\mofsrv_lib_ipogroupmaps8.o
object_files\mofsrv_lib_ipogroupmapu8.o
object_files\mofsrv_lib_ipomaps16s16.o
object_files\mofsrv_lib_ipomapu8u8.o
object_files\mofsrv_lib_irrverrhandlingu32.o
object_files\mofsrv_lib_lowpassreentrants16.o
object_files\mofsrv_lib_lowpassreentrants8.o
object_files\mofsrv_lib_lowpassreentrantu16.o
object_files\mofsrv_lib_lowpassreentrantu8.o
object_files\mofsrv_lib_lowpasss16.o
object_files\mofsrv_lib_lowpasss8.o
object_files\mofsrv_lib_lowpassu16.o
object_files\mofsrv_lib_lowpassu8.o
object_files\mofsrv_lib_muldiv32.o
object_files\mofsrv_lib_ramp.o
object_files\mofsrv_lib_rampswitch.o
object_files\mofsrv_lib_rsfflprstdmnt.o
object_files\mofsrv_lib_rsfflpsetdmnt.o
object_files\mofsrv_lib_totlowpassreentrants16.o
object_files\mofsrv_lib_totlowpassreentrants8.o
object_files\mofsrv_lib_totlowpassreentrantu16.o
object_files\mofsrv_lib_totlowpassreentrantu8.o
object_files\mofsrv_lib_totlowpasss16.o
object_files\mofsrv_lib_totlowpasss16ini.o
object_files\mofsrv_lib_totlowpasss8.o
object_files\mofsrv_lib_totlowpasss8ini.o
object_files\mofsrv_lib_totlowpassu16.o
object_files\mofsrv_lib_totlowpassu16ini.o
object_files\mofsrv_lib_totlowpassu8.o
object_files\mofsrv_lib_totlowpassu8ini.o
object_files\mofsrv_lib_turnoffdlydiu16.o
object_files\mofsrv_lib_turnoffdlydiu32.o
object_files\mofsrv_lib_turnoffdlydiu8.o
object_files\mofsrv_lib_turnoffdlynomemdiu16.o
object_files\mofsrv_lib_turnoffdlynomemdiu32.o
object_files\mofsrv_lib_turnoffdlynomemdiu8.o
object_files\mofsrv_lib_turnoffdlynomemu16.o
object_files\mofsrv_lib_turnoffdlynomemu32.o
object_files\mofsrv_lib_turnoffdlynomemu8.o
object_files\mofsrv_lib_turnoffdlyu16.o
object_files\mofsrv_lib_turnoffdlyu32.o
object_files\mofsrv_lib_turnoffdlyu8.o
object_files\mofsrv_lib_turnondlydiu16.o
object_files\mofsrv_lib_turnondlydiu32.o
object_files\mofsrv_lib_turnondlydiu8.o
object_files\mofsrv_lib_turnondlynomemdiu16.o
object_files\mofsrv_lib_turnondlynomemdiu32.o
object_files\mofsrv_lib_turnondlynomemdiu8.o
object_files\mofsrv_lib_turnondlynomemu16.o
object_files\mofsrv_lib_turnondlynomemu32.o
object_files\mofsrv_lib_turnondlynomemu8.o
object_files\mofsrv_lib_turnondlyu16.o
object_files\mofsrv_lib_turnondlyu32.o
object_files\mofsrv_lib_turnondlyu8.o
object_files\mofsrv_lib_updwnlowpasss16.o
object_files\mofsrv_lib_updwnlowpasss8.o
object_files\mofsrv_lib_updwnlowpassu16.o
object_files\mofsrv_lib_updwnlowpassu8.o
object_files\mo_glbl.o
object_files\mrly2med.o
object_files\mrly_dd.o
object_files\mrly_vd.o
object_files\msc_actvcmd.o
object_files\msc_auto_conf.o
object_files\msc_getcmd.o
object_files\msc_getcmdst.o
object_files\msc_getusbuf.o
object_files\msc_ini.o
object_files\msc_muxddifc.o
object_files\msc_qhndlr.o
object_files\msc_qhndlr_isr.o
object_files\msc_setcmd.o
object_files\msc_setnumusfrm.o
object_files\msc_shdwntrans.o
object_files\msc_shutdown.o
object_files\ocwda_co.o
object_files\os.o
object_files\os_auto_conf.o
object_files\os_auto_isr_conf.o
object_files\os_shell.o
object_files\os_shell_error.o
object_files\pcp_auto_conf.o
object_files\pcp_esr.o
object_files\pcp_ini.o
object_files\pcp_load.o
object_files\pcp_load_pcp.o
object_files\pcp_mon.o
object_files\pcp_mon_ini.o
object_files\pcp_shutdown.o
object_files\pmd.o
object_files\pmd_auto_conf.o
object_files\pmd_clearerr.o
object_files\pmd_clrerrtrace.o
object_files\pmd_geterr.o
object_files\pmd_perimon.o
object_files\pmd_tstimp.o
object_files\port_auto_conf.o
object_files\port_dioget.o
object_files\port_dioset.o
object_files\port_getinitstate.o
object_files\port_proc_ini.o
object_files\port_restoreiocr.o
object_files\port_setiocrgpio.o
object_files\pta_vect.o
object_files\pwmhal_in.o
object_files\pwmhal_inper.o
object_files\pwmhal_inxt.o
object_files\pwmin.o
object_files\pwmin_auto_conf.o
object_files\pwmin_dcmdirect.o
object_files\pwmin_dcmirq.o
object_files\pwmin_dcmperdirect.o
object_files\pwmin_genload.o
object_files\pwmin_genload_pcp.o
object_files\pwmin_getmok.o
object_files\pwmin_gtc1_pcp.o
object_files\pwmin_gtcirq.o
object_files\pwmin_gtcirqxt.o
object_files\pwmin_ltcdirect.o
object_files\pwmin_ltcirq.o
object_files\pwmin_ltcperdirect.o
object_files\pwmout.o
object_files\pwmout_addimp.o
object_files\pwmout_auto_conf.o
object_files\pwmout_clearerr.o
object_files\pwmout_cpwmsync.o
object_files\pwmout_cycle.o
object_files\pwmout_geterrorinfo.o
object_files\pwmout_getfid.o
object_files\pwmout_getpndimp.o
object_files\pwmout_hbridge.o
object_files\pwmout_irq.o
object_files\pwmout_irq_pcp.o
object_files\pwmout_olcurr.o
object_files\pwmout_resetimp.o
object_files\pwmout_switchofffunc.o
object_files\pwmout_tstimp.o
object_files\pwr_auto_conf.o
object_files\reset_auto_conf.o
object_files\reset_dsmhandling.o
object_files\reset_errorhndl.o
object_files\reset_softreset.o
object_files\reset_swreset.o
object_files\reset_swresetmonitor.o
object_files\reset_swresetrequest.o
object_files\rtmo.o
object_files\rtmo_hooks.o
object_files\rtmo_int.o
object_files\rtmo_meas.o
object_files\rtmo_task.o
object_files\signals_auto_conf.o
object_files\signals_std_cnvfromint.o
object_files\signals_std_cnvfromintbin.o
object_files\signals_std_cnvfromintlin.o
object_files\signals_std_cnvfromintlinsign.o
object_files\signals_std_cnvfromintlinsign_s64.o
object_files\signals_std_cnvfromintlin_s64.o
object_files\signals_std_cnvfromint_s64.o
object_files\signals_std_cnvtoint.o
object_files\signals_std_cnvtointbin.o
object_files\signals_std_cnvtointlin.o
object_files\signals_std_get.o
object_files\signals_std_getarray.o
object_files\signals_std_getbit.o
object_files\signals_std_getint.o
object_files\signals_std_getintfromadr.o
object_files\signals_std_getintfromadr_s64.o
object_files\signals_std_getlngth.o
object_files\signals_std_getsignalclass.o
object_files\signals_std_set.o
object_files\signals_std_setint.o
object_files\signals_std_setintatadr.o
object_files\smp480.o
object_files\smp480_auto_conf.o
object_files\smp480_crc4.o
object_files\smp480_get.o
object_files\smp480_geterrorinfo.o
object_files\smp480_ini.o
object_files\smp480_read.o
object_files\smp480_reset.o
object_files\spi_actvtx.o
object_files\spi_auto_conf.o
object_files\spi_ini.o
object_files\spi_mon.o
object_files\spi_pcp.o
object_files\spi_shdwntrans.o
object_files\spi_shutdown.o
object_files\spi_sscqh.o
object_files\spi_vvt.o
object_files\spi_vvt_pcp.o
object_files\srvb_absdiff_s32s32_s16.o
object_files\srvb_absdiff_s32s32_s32.o
object_files\srvb_absdiff_s32s32_s8.o
object_files\srvb_absdiff_s32s32_u16.o
object_files\srvb_absdiff_s32s32_u32.o
object_files\srvb_absdiff_s32s32_u8.o
object_files\srvb_absdiff_u32s32_u16.o
object_files\srvb_absdiff_u32s32_u32.o
object_files\srvb_absdiff_u32s32_u8.o
object_files\srvb_absdiff_u32u32_u16.o
object_files\srvb_absdiff_u32u32_u32.o
object_files\srvb_absdiff_u32u32_u8.o
object_files\srvb_abs_s32_s16.o
object_files\srvb_abs_s32_s32.o
object_files\srvb_abs_s32_s8.o
object_files\srvb_abs_s32_u16.o
object_files\srvb_abs_s32_u32.o
object_files\srvb_abs_s32_u8.o
object_files\srvb_adapter.o
object_files\srvb_add_s32s32_s16.o
object_files\srvb_add_s32s32_s32.o
object_files\srvb_add_s32s32_s8.o
object_files\srvb_add_s32s32_u16.o
object_files\srvb_add_s32s32_u32.o
object_files\srvb_add_s32s32_u8.o
object_files\srvb_add_u32s32_s16.o
object_files\srvb_add_u32s32_s32.o
object_files\srvb_add_u32s32_s8.o
object_files\srvb_add_u32s32_u16.o
object_files\srvb_add_u32s32_u32.o
object_files\srvb_add_u32s32_u8.o
object_files\srvb_add_u32u32_s16.o
object_files\srvb_add_u32u32_s32.o
object_files\srvb_add_u32u32_s8.o
object_files\srvb_add_u32u32_u16.o
object_files\srvb_add_u32u32_u32.o
object_files\srvb_add_u32u32_u8.o
object_files\srvb_averagearray_s16.o
object_files\srvb_averagearray_s32.o
object_files\srvb_averagesliding_s16.o
object_files\srvb_averagesliding_s32.o
object_files\srvb_average_s32s32_s32.o
object_files\srvb_bit.o
object_files\srvb_control.o
object_files\srvb_counter_u16.o
object_files\srvb_counter_u32.o
object_files\srvb_counter_u8.o
object_files\srvb_div_s32s32_s16.o
object_files\srvb_div_s32s32_s32.o
object_files\srvb_div_s32s32_s8.o
object_files\srvb_div_s32s32_u16.o
object_files\srvb_div_s32s32_u32.o
object_files\srvb_div_s32s32_u8.o
object_files\srvb_div_s32u32_s16.o
object_files\srvb_div_s32u32_s32.o
object_files\srvb_div_s32u32_s8.o
object_files\srvb_div_s32u32_u16.o
object_files\srvb_div_s32u32_u32.o
object_files\srvb_div_s32u32_u8.o
object_files\srvb_div_s64s32_s32.o
object_files\srvb_div_s64s32_u32.o
object_files\srvb_div_s64u32_s32.o
object_files\srvb_div_s64u32_u32.o
object_files\srvb_div_u32s32_s16.o
object_files\srvb_div_u32s32_s32.o
object_files\srvb_div_u32s32_s8.o
object_files\srvb_div_u32s32_u16.o
object_files\srvb_div_u32s32_u32.o
object_files\srvb_div_u32s32_u8.o
object_files\srvb_div_u32u32_s16.o
object_files\srvb_div_u32u32_s32.o
object_files\srvb_div_u32u32_s8.o
object_files\srvb_div_u32u32_u16.o
object_files\srvb_div_u32u32_u32.o
object_files\srvb_div_u32u32_u8.o
object_files\srvb_div_u64s32_s32.o
object_files\srvb_div_u64s32_u32.o
object_files\srvb_div_u64u32_s32.o
object_files\srvb_div_u64u32_u32.o
object_files\srvb_limit.o
object_files\srvb_max_s16.o
object_files\srvb_max_s32.o
object_files\srvb_max_s8.o
object_files\srvb_max_u16.o
object_files\srvb_max_u32.o
object_files\srvb_max_u8.o
object_files\srvb_median_s16.o
object_files\srvb_median_s32.o
object_files\srvb_median_s8.o
object_files\srvb_median_u16.o
object_files\srvb_median_u32.o
object_files\srvb_median_u8.o
object_files\srvb_memcopyu16.o
object_files\srvb_memcopyu32.o
object_files\srvb_memcopyu8.o
object_files\srvb_memfillu16.o
object_files\srvb_memfillu32.o
object_files\srvb_memfillu8.o
object_files\srvb_memswapu16_b.o
object_files\srvb_memswapu32_b.o
object_files\srvb_memswapu8_b.o
object_files\srvb_min_s16.o
object_files\srvb_min_s32.o
object_files\srvb_min_s8.o
object_files\srvb_min_u16.o
object_files\srvb_min_u32.o
object_files\srvb_min_u8.o
object_files\srvb_mod_s32s32_s16.o
object_files\srvb_mod_s32s32_s32.o
object_files\srvb_mod_s32s32_s8.o
object_files\srvb_mod_u32u32_u16.o
object_files\srvb_mod_u32u32_u32.o
object_files\srvb_mod_u32u32_u8.o
object_files\srvb_muladd_s32s32s32_s16.o
object_files\srvb_muladd_s32s32s32_s32.o
object_files\srvb_muladd_u32u32u32_u16.o
object_files\srvb_muladd_u32u32u32_u32.o
object_files\srvb_muldiv_s32s32s32_s16.o
object_files\srvb_muldiv_s32s32s32_s32.o
object_files\srvb_muldiv_s32s32s32_u16.o
object_files\srvb_muldiv_u32u32u32_u16.o
object_files\srvb_muldiv_u32u32u32_u32.o
object_files\srvb_mulshright_s32s32_s16.o
object_files\srvb_mulshright_s32s32_s32.o
object_files\srvb_mulshright_s32s32_s8.o
object_files\srvb_mulshright_s32s32_u16.o
object_files\srvb_mulshright_s32s32_u32.o
object_files\srvb_mulshright_s32s32_u8.o
object_files\srvb_mulshright_u32s32_s16.o
object_files\srvb_mulshright_u32s32_s32.o
object_files\srvb_mulshright_u32s32_s8.o
object_files\srvb_mulshright_u32s32_u16.o
object_files\srvb_mulshright_u32s32_u32.o
object_files\srvb_mulshright_u32s32_u8.o
object_files\srvb_mulshright_u32u32_s16.o
object_files\srvb_mulshright_u32u32_s32.o
object_files\srvb_mulshright_u32u32_s8.o
object_files\srvb_mulshright_u32u32_u16.o
object_files\srvb_mulshright_u32u32_u32.o
object_files\srvb_mulshright_u32u32_u8.o
object_files\srvb_mul_s32s32_s16.o
object_files\srvb_mul_s32s32_s32.o
object_files\srvb_mul_s32s32_s8.o
object_files\srvb_mul_s32s32_u16.o
object_files\srvb_mul_s32s32_u32.o
object_files\srvb_mul_s32s32_u8.o
object_files\srvb_mul_u32s32_s16.o
object_files\srvb_mul_u32s32_s32.o
object_files\srvb_mul_u32s32_s8.o
object_files\srvb_mul_u32s32_u16.o
object_files\srvb_mul_u32s32_u32.o
object_files\srvb_mul_u32s32_u8.o
object_files\srvb_mul_u32u32_s16.o
object_files\srvb_mul_u32u32_s32.o
object_files\srvb_mul_u32u32_s8.o
object_files\srvb_mul_u32u32_u16.o
object_files\srvb_mul_u32u32_u32.o
object_files\srvb_mul_u32u32_u8.o
object_files\srvb_parityeven_s32_b.o
object_files\srvb_parityeven_u32_b.o
object_files\srvb_parityodd_s32_b.o
object_files\srvb_parityodd_u32_b.o
object_files\srvb_rainflowcounter_s32_b.o
object_files\srvb_sortascs16.o
object_files\srvb_sortascs32.o
object_files\srvb_sortascs8.o
object_files\srvb_sortascu16.o
object_files\srvb_sortascu32.o
object_files\srvb_sortascu8.o
object_files\srvb_sortdescs16.o
object_files\srvb_sortdescs32.o
object_files\srvb_sortdescs8.o
object_files\srvb_sortdescu16.o
object_files\srvb_sortdescu32.o
object_files\srvb_sortdescu8.o
object_files\srvb_stat.o
object_files\srvb_sub_s32s32_s16.o
object_files\srvb_sub_s32s32_s32.o
object_files\srvb_sub_s32s32_s8.o
object_files\srvb_sub_s32s32_u16.o
object_files\srvb_sub_s32s32_u32.o
object_files\srvb_sub_s32s32_u8.o
object_files\srvb_sub_s32u32_s16.o
object_files\srvb_sub_s32u32_s32.o
object_files\srvb_sub_s32u32_s8.o
object_files\srvb_sub_s32u32_u16.o
object_files\srvb_sub_s32u32_u32.o
object_files\srvb_sub_s32u32_u8.o
object_files\srvb_sub_u32s32_s16.o
object_files\srvb_sub_u32s32_s32.o
object_files\srvb_sub_u32s32_s8.o
object_files\srvb_sub_u32s32_u16.o
object_files\srvb_sub_u32s32_u32.o
object_files\srvb_sub_u32s32_u8.o
object_files\srvb_sub_u32u32_s16.o
object_files\srvb_sub_u32u32_s32.o
object_files\srvb_sub_u32u32_s8.o
object_files\srvb_sub_u32u32_u16.o
object_files\srvb_sub_u32u32_u32.o
object_files\srvb_sub_u32u32_u8.o
object_files\srvb_switchhystchd_s32_b.o
object_files\srvb_switchhystchd_u32_b.o
object_files\srvb_switchhystder_s32_b.o
object_files\srvb_switchhystder_u32_b.o
object_files\srvb_switchhystdre_s32_b.o
object_files\srvb_switchhystdre_u32_b.o
object_files\srvb_switchhystdr_s32_b.o
object_files\srvb_switchhystdr_u32_b.o
object_files\srvb_switchhystlde_s32_b.o
object_files\srvb_switchhystlde_u32_b.o
object_files\srvb_switchhystld_s32_b.o
object_files\srvb_switchhystld_u32_b.o
object_files\srvb_switchhystled_s32_b.o
object_files\srvb_switchhystled_u32_b.o
object_files\srvb_switchhystleri_s32_b.o
object_files\srvb_switchhystleri_u32_b.o
object_files\srvb_switchhystler_s32_b.o
object_files\srvb_switchhystler_u32_b.o
object_files\srvb_switchhystlrei_s32_b.o
object_files\srvb_switchhystlrei_u32_b.o
object_files\srvb_switchhystlre_s32_b.o
object_files\srvb_switchhystlre_u32_b.o
object_files\srvb_switchhystlr_s32_b.o
object_files\srvb_switchhystlr_u32_b.o
object_files\srvb_swtmrinc10ms.o
object_files\srvb_timer.o
object_files\srvf_abs_r32.o
object_files\srvf_accumulator.o
object_files\srvf_adapter.o
object_files\srvf_arctan2_r32.o
object_files\srvf_arrayaverage_r32u32_r32.o
object_files\srvf_cos_r32.o
object_files\srvf_ctrlcalcteq.o
object_files\srvf_ctrldt1.o
object_files\srvf_ctrli.o
object_files\srvf_ctrlp.o
object_files\srvf_ctrlpd.o
object_files\srvf_ctrlpi.o
object_files\srvf_ctrlpid.o
object_files\srvf_ctrlpt1.o
object_files\srvf_ctrlsetlimit.o
object_files\srvf_dt1.o
object_files\srvf_dt1typ1calc.o
object_files\srvf_dt1typ2calc.o
object_files\srvf_dt1win.o
object_files\srvf_exp.o
object_files\srvf_extract_floatbitfields_r32.o
object_files\srvf_filtercalck.o
object_files\srvf_hpfilter.o
object_files\srvf_icalc.o
object_files\srvf_ilimcalc.o
object_files\srvf_ipocurvegroup_r32.o
object_files\srvf_ipocurvegroup_r32_s16.o
object_files\srvf_ipocurvegroup_r32_s8.o
object_files\srvf_ipocurvegroup_r32_u16.o
object_files\srvf_ipocurvegroup_r32_u8.o
object_files\srvf_ipocurvegroup_s16_r32.o
object_files\srvf_ipocurve_r32_r32.o
object_files\srvf_ipocurve_r32_s16.o
object_files\srvf_ipocurve_r32_s8.o
object_files\srvf_ipocurve_r32_u16.o
object_files\srvf_ipocurve_r32_u8.o
object_files\srvf_ipocurve_s16_r32.o
object_files\srvf_ipocurve_s8_r32.o
object_files\srvf_ipocurve_u16_r32.o
object_files\srvf_ipocurve_u8_r32.o
object_files\srvf_ipomapgroup_r32.o
object_files\srvf_ipomapgroup_r32r32_s16.o
object_files\srvf_ipomapgroup_r32r32_s8.o
object_files\srvf_ipomapgroup_r32r32_u16.o
object_files\srvf_ipomapgroup_r32r32_u8.o
object_files\srvf_ipomapgroup_r32s16_r32.o
object_files\srvf_ipomapgroup_r32s16_s16.o
object_files\srvf_ipomapgroup_r32s16_s8.o
object_files\srvf_ipomapgroup_r32s16_u16.o
object_files\srvf_ipomapgroup_r32s16_u8.o
object_files\srvf_ipomapgroup_s16r32_r32.o
object_files\srvf_ipomapgroup_s16r32_s16.o
object_files\srvf_ipomapgroup_s16r32_s8.o
object_files\srvf_ipomapgroup_s16r32_u16.o
object_files\srvf_ipomapgroup_s16r32_u8.o
object_files\srvf_ipomapgroup_s16s16_r32.o
object_files\srvf_ipomapgroup_u8u8_r32.o
object_files\srvf_ipomap_r32r32_r32.o
object_files\srvf_ipomap_r32r32_s16.o
object_files\srvf_ipomap_r32r32_s8.o
object_files\srvf_ipomap_r32r32_u16.o
object_files\srvf_ipomap_r32r32_u8.o
object_files\srvf_ipomap_r32s16_r32.o
object_files\srvf_ipomap_r32s16_s16.o
object_files\srvf_ipomap_r32s16_s8.o
object_files\srvf_ipomap_r32s16_u16.o
object_files\srvf_ipomap_r32s16_u8.o
object_files\srvf_ipomap_r32s8_r32.o
object_files\srvf_ipomap_r32s8_s16.o
object_files\srvf_ipomap_r32s8_s8.o
object_files\srvf_ipomap_r32s8_u16.o
object_files\srvf_ipomap_r32s8_u8.o
object_files\srvf_ipomap_r32u16_r32.o
object_files\srvf_ipomap_r32u16_s16.o
object_files\srvf_ipomap_r32u16_s8.o
object_files\srvf_ipomap_r32u16_u16.o
object_files\srvf_ipomap_r32u16_u8.o
object_files\srvf_ipomap_r32u8_r32.o
object_files\srvf_ipomap_r32u8_s16.o
object_files\srvf_ipomap_r32u8_s8.o
object_files\srvf_ipomap_r32u8_u16.o
object_files\srvf_ipomap_r32u8_u8.o
object_files\srvf_ipomap_s16s16_r32.o
object_files\srvf_ipomap_s16s8_r32.o
object_files\srvf_ipomap_s16u8_r32.o
object_files\srvf_ipomap_s8s8_r32.o
object_files\srvf_ipomap_u16s16_r32.o
object_files\srvf_ipomap_u16s8_r32.o
object_files\srvf_ipomap_u16u16_r32.o
object_files\srvf_ipomap_u16u8_r32.o
object_files\srvf_ipomap_u8s8_r32.o
object_files\srvf_ipomap_u8u8_r32.o
object_files\srvf_isequal_r32_r32.o
object_files\srvf_isfinite.o
object_files\srvf_isgreater_r32.o
object_files\srvf_islower_r32.o
object_files\srvf_isminusinfinity_r32.o
object_files\srvf_isnan_r32.o
object_files\srvf_isplusinfinity_r32.o
object_files\srvf_iwin.o
object_files\srvf_lpfilter.o
object_files\srvf_max_r32.o
object_files\srvf_median_r32.o
object_files\srvf_memcopyr32.o
object_files\srvf_min_r32.o
object_files\srvf_pcalc.o
object_files\srvf_pdcalc.o
object_files\srvf_pdt1.o
object_files\srvf_pdt1win.o
object_files\srvf_pidlimtyp1calc.o
object_files\srvf_pidlimtyp2calc.o
object_files\srvf_pidtyp1calc.o
object_files\srvf_pidtyp2calc.o
object_files\srvf_pilimtyp1calc.o
object_files\srvf_pilimtyp2calc.o
object_files\srvf_pityp1calc.o
object_files\srvf_pityp2calc.o
object_files\srvf_piwin.o
object_files\srvf_pt1.o
object_files\srvf_pt1calc.o
object_files\srvf_pwin.o
object_files\srvf_ramp.o
object_files\srvf_rampcalc.o
object_files\srvf_rampswitch.o
object_files\srvf_rangelimiter_r32.o
object_files\srvf_real32tosint16.o
object_files\srvf_real32tosint32.o
object_files\srvf_real32tosint8.o
object_files\srvf_real32touint16.o
object_files\srvf_real32touint32.o
object_files\srvf_real32touint8.o
object_files\srvf_realvalueclassify_r32.o
object_files\srvf_searchdistr_r32.o
object_files\srvf_searchdistr_s16_r32.o
object_files\srvf_searchdistr_s8_r32.o
object_files\srvf_searchdistr_u16_r32.o
object_files\srvf_searchdistr_u8_r32.o
object_files\srvf_sint64toreal32.o
object_files\srvf_sin_r32.o
object_files\srvf_sortascr32.o
object_files\srvf_sortdescr32.o
object_files\srvf_sqrt.o
object_files\srvf_sqrtprec_r32.o
object_files\srvf_switchhystchd_r32_b.o
object_files\srvf_switchhystdr_r32_b.o
object_files\srvf_switchhystld_r32_b.o
object_files\srvf_switchhystlr_r32_b.o
object_files\srvf_uint64toreal32.o
object_files\srvf_validationlimiter_r32.o
object_files\srvx_adapter.o
object_files\srvx_ctrlcalcteq.o
object_files\srvx_ctrldt1.o
object_files\srvx_ctrli.o
object_files\srvx_ctrlp.o
object_files\srvx_ctrlpd.o
object_files\srvx_ctrlpi.o
object_files\srvx_ctrlpid.o
object_files\srvx_ctrlpt1.o
object_files\srvx_ctrlsetlimit.o
object_files\srvx_deadtime.o
object_files\srvx_debounce.o
object_files\srvx_debounceboolean_b.o
object_files\srvx_dt1.o
object_files\srvx_dt1ctrl.o
object_files\srvx_dt1typ1calc.o
object_files\srvx_dt1typ2calc.o
object_files\srvx_dt1win.o
object_files\srvx_exp.o
object_files\srvx_filtercalck.o
object_files\srvx_hpfilters.o
object_files\srvx_hpfilteru.o
object_files\srvx_icalc.o
object_files\srvx_ilimcalc.o
object_files\srvx_intlims16.o
object_files\srvx_intlimu8.o
object_files\srvx_ints16.o
object_files\srvx_intu8.o
object_files\srvx_ipocurvegroup_s16.o
object_files\srvx_ipocurvegroup_s32.o
object_files\srvx_ipocurvegroup_s8.o
object_files\srvx_ipocurvegroup_u16.o
object_files\srvx_ipocurvegroup_u8.o
object_files\srvx_ipocurve_s16_s16.o
object_files\srvx_ipocurve_s16_s32.o
object_files\srvx_ipocurve_s16_s8.o
object_files\srvx_ipocurve_s16_u16.o
object_files\srvx_ipocurve_s16_u8.o
object_files\srvx_ipocurve_s8_s16.o
object_files\srvx_ipocurve_s8_s8.o
object_files\srvx_ipocurve_s8_u16.o
object_files\srvx_ipocurve_s8_u8.o
object_files\srvx_ipocurve_u16_s16.o
object_files\srvx_ipocurve_u16_s8.o
object_files\srvx_ipocurve_u16_u16.o
object_files\srvx_ipocurve_u16_u8.o
object_files\srvx_ipocurve_u8_s16.o
object_files\srvx_ipocurve_u8_s8.o
object_files\srvx_ipocurve_u8_u16.o
object_files\srvx_ipocurve_u8_u8.o
object_files\srvx_ipofixcurvei_s16_s16.o
object_files\srvx_ipofixcurvei_s8_s8.o
object_files\srvx_ipofixcurvei_u16_u16.o
object_files\srvx_ipofixcurvei_u8_u8.o
object_files\srvx_ipofixcurve_s16_s16.o
object_files\srvx_ipofixcurve_s8_s8.o
object_files\srvx_ipofixcurve_u16_u16.o
object_files\srvx_ipofixcurve_u8_u8.o
object_files\srvx_ipofixmapi_s16s16_s16.o
object_files\srvx_ipofixmapi_s8s8_s8.o
object_files\srvx_ipofixmapi_u16u16_u16.o
object_files\srvx_ipofixmapi_u8u8_u8.o
object_files\srvx_ipofixmap_s16s16_s16.o
object_files\srvx_ipofixmap_s8s8_s8.o
object_files\srvx_ipofixmap_u16u16_u16.o
object_files\srvx_ipofixmap_u8u8_u8.o
object_files\srvx_ipomapgroup_s16.o
object_files\srvx_ipomapgroup_s32.o
object_files\srvx_ipomapgroup_s8.o
object_files\srvx_ipomapgroup_u16.o
object_files\srvx_ipomapgroup_u8.o
object_files\srvx_ipomap_s16s16_s16.o
object_files\srvx_ipomap_s16s16_s32.o
object_files\srvx_ipomap_s16s16_s8.o
object_files\srvx_ipomap_s16s16_u16.o
object_files\srvx_ipomap_s16s16_u8.o
object_files\srvx_ipomap_s16s8_s16.o
object_files\srvx_ipomap_s16s8_s8.o
object_files\srvx_ipomap_s16s8_u16.o
object_files\srvx_ipomap_s16s8_u8.o
object_files\srvx_ipomap_s16u8_s16.o
object_files\srvx_ipomap_s16u8_s8.o
object_files\srvx_ipomap_s16u8_u16.o
object_files\srvx_ipomap_s16u8_u8.o
object_files\srvx_ipomap_s8s8_s16.o
object_files\srvx_ipomap_s8s8_s8.o
object_files\srvx_ipomap_s8s8_u16.o
object_files\srvx_ipomap_s8s8_u8.o
object_files\srvx_ipomap_u16s16_s16.o
object_files\srvx_ipomap_u16s16_s8.o
object_files\srvx_ipomap_u16s16_u16.o
object_files\srvx_ipomap_u16s16_u8.o
object_files\srvx_ipomap_u16s8_s16.o
object_files\srvx_ipomap_u16s8_s8.o
object_files\srvx_ipomap_u16s8_u16.o
object_files\srvx_ipomap_u16s8_u8.o
object_files\srvx_ipomap_u16u16_s16.o
object_files\srvx_ipomap_u16u16_s8.o
object_files\srvx_ipomap_u16u16_u16.o
object_files\srvx_ipomap_u16u16_u8.o
object_files\srvx_ipomap_u16u8_s16.o
object_files\srvx_ipomap_u16u8_s8.o
object_files\srvx_ipomap_u16u8_u16.o
object_files\srvx_ipomap_u16u8_u8.o
object_files\srvx_ipomap_u8s8_s16.o
object_files\srvx_ipomap_u8s8_s8.o
object_files\srvx_ipomap_u8s8_u16.o
object_files\srvx_ipomap_u8s8_u8.o
object_files\srvx_ipomap_u8u8_s16.o
object_files\srvx_ipomap_u8u8_s8.o
object_files\srvx_ipomap_u8u8_u16.o
object_files\srvx_ipomap_u8u8_u8.o
object_files\srvx_iwins16.o
object_files\srvx_lkupcurvegroup_s16.o
object_files\srvx_lkupcurvegroup_s8.o
object_files\srvx_lkupcurvegroup_u16.o
object_files\srvx_lkupcurvegroup_u8.o
object_files\srvx_lkupcurve_s16_s16.o
object_files\srvx_lkupcurve_s16_s8.o
object_files\srvx_lkupcurve_s16_u16.o
object_files\srvx_lkupcurve_s16_u8.o
object_files\srvx_lkupcurve_s8_s16.o
object_files\srvx_lkupcurve_s8_s8.o
object_files\srvx_lkupcurve_s8_u16.o
object_files\srvx_lkupcurve_s8_u8.o
object_files\srvx_lkupcurve_u16_s16.o
object_files\srvx_lkupcurve_u16_s8.o
object_files\srvx_lkupcurve_u16_u16.o
object_files\srvx_lkupcurve_u16_u8.o
object_files\srvx_lkupcurve_u8_s16.o
object_files\srvx_lkupcurve_u8_s8.o
object_files\srvx_lkupcurve_u8_u16.o
object_files\srvx_lkupcurve_u8_u8.o
object_files\srvx_lkupfixcurvei_s16_s16.o
object_files\srvx_lkupfixcurvei_s8_s8.o
object_files\srvx_lkupfixcurvei_u16_u16.o
object_files\srvx_lkupfixcurvei_u8_u8.o
object_files\srvx_lkupfixcurve_s16_s16.o
object_files\srvx_lkupfixcurve_s8_s8.o
object_files\srvx_lkupfixcurve_u16_u16.o
object_files\srvx_lkupfixcurve_u8_u8.o
object_files\srvx_lkupfixmapi_s16s16_s16.o
object_files\srvx_lkupfixmapi_s8s8_s8.o
object_files\srvx_lkupfixmapi_u16u16_u16.o
object_files\srvx_lkupfixmapi_u8u8_u8.o
object_files\srvx_lkupfixmap_s16s16_s16.o
object_files\srvx_lkupfixmap_s8s8_s8.o
object_files\srvx_lkupfixmap_u16u16_u16.o
object_files\srvx_lkupfixmap_u8u8_u8.o
object_files\srvx_lkupmapgroup_s16.o
object_files\srvx_lkupmapgroup_s8.o
object_files\srvx_lkupmapgroup_u16.o
object_files\srvx_lkupmapgroup_u8.o
object_files\srvx_lkupmap_s16s16_s16.o
object_files\srvx_lkupmap_s8s8_s8.o
object_files\srvx_lkupmap_u16u16_u16.o
object_files\srvx_lkupmap_u8u8_u8.o
object_files\srvx_lkupnearmapgroup_s16.o
object_files\srvx_lkupnearmapgroup_s8.o
object_files\srvx_lkupnearmapgroup_u16.o
object_files\srvx_lkupnearmapgroup_u8.o
object_files\srvx_lkupnearmap_s16s16_s16.o
object_files\srvx_lkupnearmap_s8s8_s8.o
object_files\srvx_lkupnearmap_u16u16_u16.o
object_files\srvx_lkupnearmap_u8u8_u8.o
object_files\srvx_lpfilters.o
object_files\srvx_lpfilteru.o
object_files\srvx_pcalc.o
object_files\srvx_pdcalc.o
object_files\srvx_pidlimtyp1calc.o
object_files\srvx_pidlimtyp2calc.o
object_files\srvx_pidtyp1calc.o
object_files\srvx_pidtyp2calc.o
object_files\srvx_pilimtyp1calc.o
object_files\srvx_pilimtyp2calc.o
object_files\srvx_pityp1calc.o
object_files\srvx_pityp2calc.o
object_files\srvx_piwins16.o
object_files\srvx_pt1calc.o
object_files\srvx_pt1s16.o
object_files\srvx_pt1u8.o
object_files\srvx_pwins16.o
object_files\srvx_ramp.o
object_files\srvx_rampcalc.o
object_files\srvx_rampswitch.o
object_files\srvx_searchdistr_s16.o
object_files\srvx_searchdistr_s16_s32.o
object_files\srvx_searchdistr_s8.o
object_files\srvx_searchdistr_u16.o
object_files\srvx_searchdistr_u8.o
object_files\srvx_trnoffdlyboolean_b.o
object_files\srvx_trnondlyboolean_b.o
object_files\stm58bw016_prog.o
object_files\swadp.o
object_files\sws_adc.o
object_files\sws_can.o
object_files\sws_dio.o
object_files\sws_dsm.o
object_files\sws_eep.o
object_files\sws_pwmin.o
object_files\sws_pwmout.o
object_files\syc2me.o
object_files\syc_calwakeup.o
object_files\syc_deadline.o
object_files\syc_main.o
object_files\syc_postdrv.o
object_files\syc_predrv.o
object_files\syc_shutdown.o
object_files\syc_stopcnt.o
object_files\syc_stopcnt_ext.o
object_files\syc_stopcnt_wakeup.o
object_files\syc_undervltg.o
object_files\sysdep.o
object_files\t152med.o
object_files\t15_dd.o
object_files\t15_vd.o
object_files\tprot_auto_conf.o
object_files\tprot_std_clcertificate.o
object_files\tprot_std_rdcertificate.o
object_files\tprot_std_rttp_errhan.o
object_files\tprot_std_rttp_proc.o
object_files\tprot_std_wrcertificate.o
object_files\uaccappl_a2ltranslation.o
object_files\uaccappl_conf.o
object_files\uaccappl_ecuid.o
object_files\uaccappl_sessioninf.o
object_files\uaccappl_setactval.o
object_files\uacc_auto_conf.o
object_files\uacc_disableactval.o
object_files\uacc_disableactvalex.o
object_files\uacc_etc_adddynpar.o
object_files\uacc_etc_createdyntst.o
object_files\uacc_etc_tstgetabrtreason.o
object_files\uacc_etc_tstgetrslt.o
object_files\uacc_etc_tstgetst.o
object_files\uacc_etc_tststop.o
object_files\uacc_etc_tststrt.o
object_files\uacc_freezeactval.o
object_files\uacc_mem_access.o
object_files\uacc_mem_auto_conf.o
object_files\uacc_mem_flash_read.o
object_files\uacc_mem_ini.o
object_files\uacc_mem_ram_readwrite.o
object_files\uacc_readactstatus.o
object_files\uacc_readactval.o
object_files\uacc_readadjustval.o
object_files\uacc_readbits.o
object_files\uacc_readbyaddress.o
object_files\uacc_readcalibrationdata.o
object_files\uacc_readeeprom.o
object_files\uacc_readmultiplememarea.o
object_files\uacc_readsignalval.o
object_files\uacc_readsignalvalint.o
object_files\uacc_readswaparraybuf.o
object_files\uacc_setactval.o
object_files\uacc_setactvalex.o
object_files\uacc_setadjustval.o
object_files\uacc_setdefaultactval.o
object_files\uacc_setdefaultadjval.o
object_files\uacc_storeadjustval.o
object_files\uacc_uid_auto_conf.o
object_files\uacc_writebyaddress.o
object_files\uacc_writeeeprom.o
object_files\uacc_writeswaparraybuf.o
object_files\uart_1ms_proc.o
object_files\uart_auto_conf.o
object_files\uart_baudactivate.o
object_files\uart_baudget.o
object_files\uart_baudprepare.o
object_files\uart_callback.o
object_files\uart_dhigh.o
object_files\uart_dhighprocdevice0.o
object_files\uart_dhighprocdevice1.o
object_files\uart_dhighswct.o
object_files\uart_dlow.o
object_files\uart_dlowswct.o
object_files\uart_errcallbackuse.o
object_files\uart_errcallbackusestate.o
object_files\uart_free.o
object_files\uart_geterror.o
object_files\uart_getlastactionti.o
object_files\uart_getlevel.o
object_files\uart_getrxdata.o
object_files\uart_getstatus.o
object_files\uart_init.o
object_files\uart_isr.o
object_files\uart_regaccess.o
object_files\uart_rx.o
object_files\uart_tx.o
object_files\uart_userget.o
object_files\uart_userset.o
object_files\uego_censrv.o
object_files\uego_cj135ctl.o
object_files\uego_cj135dateval.o
object_files\uego_cj135dia.o
object_files\uego_cj135diagsnsr.o
object_files\uego_cj135ipmpeval.o
object_files\uego_cj135rteval.o
object_files\uego_cj135rvschrg.o
object_files\_epk.o
object_files\_merged_dat.o
