header_files\accpr.h
header_files\accprappl.h
header_files\accprappl_dat.h
header_files\accprappl_inf.h
header_files\accpr_auto_conf.h
header_files\accpr_dat.h
header_files\accpr_inf.h
header_files\accpr_priv.h
header_files\accpr_pub.h
header_files\adc.h
header_files\adchal_dat.h
header_files\adchal_inf.h
header_files\adchal_pub.h
header_files\adci_auto_confprot.h
header_files\adci_dat.h
header_files\adci_friends.h
header_files\adci_inf.h
header_files\adci_inl.h
header_files\adci_i_prot.h
header_files\adci_priv.h
header_files\adci_prot.h
header_files\adc_1387.h
header_files\adc_1724.h
header_files\adc_1762.h
header_files\adc_1766.h
header_files\adc_1767.h
header_files\adc_1782.h
header_files\adc_1793.h
header_files\adc_1796.h
header_files\adc_1797.h
header_files\adc_auto_conf.h
header_files\ads7841.h
header_files\ads7841_auto_conf.h
header_files\ads7841_dat.h
header_files\ads7841_inf.h
header_files\ads7841_priv.h
header_files\ads7841_pub.h
header_files\amd29bdd160_dat.h
header_files\amd29bdd160_inf.h
header_files\amd29bdd160_prot.h
header_files\amd29bdd320_dat.h
header_files\amd29bdd320_inf.h
header_files\amd29bdd320_prot.h
header_files\ar_bfx.h
header_files\ar_ifl.h
header_files\ar_ifx.h
header_files\ascet_header.h
header_files\asc_1387.h
header_files\asc_1724.h
header_files\asc_1762.h
header_files\asc_1766.h
header_files\asc_1767.h
header_files\asc_1782.h
header_files\asc_1793.h
header_files\asc_1796.h
header_files\asc_1797.h
header_files\ats.h
header_files\ats_auto_conf.h
header_files\ats_inf.h
header_files\ats_msg.h
header_files\ats_priv.h
header_files\ats_pub.h
header_files\ats_std_dat.h
header_files\autosar_type.h
header_files\b2c_sched.h
header_files\bassvr.h
header_files\bassvrappl_checkprog_dat.h
header_files\bassvrappl_checkprog_prot.h
header_files\bassvrappl_compr_dat.h
header_files\bassvrappl_compr_inf.h
header_files\bassvrappl_compr_pub.h
header_files\bassvrappl_dsm_prot.h
header_files\bassvrappl_inf.h
header_files\bassvrappl_msg.h
header_files\bassvr_dat.h
header_files\basutil.h
header_files\basutil_auto_conf.h
header_files\basutil_dat.h
header_files\basutil_inf.h
header_files\basutil_pub.h
header_files\bitutil.h
header_files\bmu_1724.h
header_files\bmu_1793.h
header_files\bsp742.h
header_files\bsp742_auto_conf.h
header_files\bsp742_dat.h
header_files\bsp742_inf.h
header_files\bsp742_priv.h
header_files\bsp742_pub.h
header_files\byp.h
header_files\can.h
header_files\can2frm.h
header_files\can_1387.h
header_files\can_1724.h
header_files\can_1762.h
header_files\can_1766.h
header_files\can_1767.h
header_files\can_1782.h
header_files\can_1793.h
header_files\can_1796.h
header_files\can_1797.h
header_files\can_auto_conf.h
header_files\can_dat.h
header_files\can_inf.h
header_files\can_inl.h
header_files\can_macro_dat.h
header_files\can_priv.h
header_files\can_pub.h
header_files\cbadci.h
header_files\cbadci_dat.h
header_files\cbadci_inf.h
header_files\cbadci_inl.h
header_files\cbadci_priv.h
header_files\cbadci_pub.h
header_files\cbfprt_hist.h
header_files\cbs_1387.h
header_files\cbs_1724.h
header_files\cbs_1762.h
header_files\cbs_1766.h
header_files\cbs_1767.h
header_files\cbs_1782.h
header_files\cbs_1793.h
header_files\cbs_1796.h
header_files\cbs_1797.h
header_files\cbversion.h
header_files\cb_info_conf.h
header_files\ccp.h
header_files\ccpappl.h
header_files\ccpappl_dat.h
header_files\ccpappl_inf.h
header_files\ccpappl_msg.h
header_files\ccpappl_priv.h
header_files\ccpappl_pub.h
header_files\ccp_auto_conf.h
header_files\ccp_auto_dat.h
header_files\ccp_dat.h
header_files\ccp_inf.h
header_files\ccp_priv.h
header_files\ccp_pub.h
header_files\ccp_services_prot.h
header_files\ccu6_1387.h
header_files\ccu6_1724.h
header_files\ccu6_1793.h
header_files\cdgen.h
header_files\cdrv_conf.h
header_files\cdrv_glbdef_dat.h
header_files\cdrv_memlay.h
header_files\cdrv_memlay_conf.h
header_files\cdrv_msg.h
header_files\cdrv_shared.h
header_files\cdrv_shared_dat.h
header_files\cdrv_srvh_pcp.h
header_files\cel_compulcy_dat.h
header_files\cel_compu_dat.h
header_files\cel_const_dat.h
header_files\checktrace.h
header_files\cj125.h
header_files\cj125_auto_conf.h
header_files\cj125_dat.h
header_files\cj125_inf.h
header_files\cj125_inl.h
header_files\cj125_priv.h
header_files\cj125_pub.h
header_files\cj135.h
header_files\cj135_auto_conf.h
header_files\cj135_dat.h
header_files\cj135_inf.h
header_files\cj135_inl.h
header_files\cj135_priv.h
header_files\cj135_pub.h
header_files\cj950.h
header_files\cj950_auto_conf.h
header_files\cj950_dat.h
header_files\cj950_inf.h
header_files\cj950_inl.h
header_files\cj950_priv.h
header_files\cj950_pub.h
header_files\codegen.h
header_files\codegen_bypass.h
header_files\codegen_dat.h
header_files\codegen_dedia.h
header_files\codegen_dedia_diaactr.h
header_files\codegen_dedia_dps.h
header_files\codegen_dia.h
header_files\codegen_dia_ats.h
header_files\codegen_dia_avs.h
header_files\codegen_dia_etc.h
header_files\codegen_dsm.h
header_files\codegen_hwe.h
header_files\codegen_hwe_adc.h
header_files\codegen_hwe_cpu.h
header_files\codegen_hwe_eep.h
header_files\codegen_hwe_pwm.h
header_files\codegen_measpnt.h
header_files\codegen_srv.h
header_files\codegen_srv_abs_limit.h
header_files\codegen_srv_abs_nolimit.h
header_files\codegen_srv_add_limit.h
header_files\codegen_srv_add_nolimit.h
header_files\codegen_srv_arithmetic.h
header_files\codegen_srv_bit.h
header_files\codegen_srv_comparator.h
header_files\codegen_srv_controller.h
header_files\codegen_srv_counter.h
header_files\codegen_srv_delay.h
header_files\codegen_srv_div_limit.h
header_files\codegen_srv_div_nolimit.h
header_files\codegen_srv_logic.h
header_files\codegen_srv_memory.h
header_files\codegen_srv_misc.h
header_files\codegen_srv_muldiv_limit.h
header_files\codegen_srv_muldiv_nolimit.h
header_files\codegen_srv_mulshright_limit.h
header_files\codegen_srv_mulshright_nolimit.h
header_files\codegen_srv_mul_limit.h
header_files\codegen_srv_mul_nolimit.h
header_files\codegen_srv_neg_limit.h
header_files\codegen_srv_neg_nolimit.h
header_files\codegen_srv_nonlinear.h
header_files\codegen_srv_sub_limit.h
header_files\codegen_srv_sub_nolimit.h
header_files\codegen_sysc.h
header_files\coeng.h
header_files\coeng_glbdef_dat.h
header_files\coeng_msg.h
header_files\coeng_steng.h
header_files\coeng_steng_dat.h
header_files\coeng_steng_inf.h
header_files\coeng_steng_priv.h
header_files\coeng_steng_pub.h
header_files\comcil.h
header_files\common.h
header_files\common_dat.h
header_files\common_project.h
header_files\compiler.h
header_files\compiler_cfg.h
header_files\compiler_medc17.h
header_files\conversionspecial_dat.h
header_files\conversion_dat.h
header_files\core.h
header_files\core_1387.h
header_files\core_1724.h
header_files\core_1762.h
header_files\core_1766.h
header_files\core_1767.h
header_files\core_1782.h
header_files\core_1793.h
header_files\core_1796.h
header_files\core_1797.h
header_files\core_env.h
header_files\core_env_dat.h
header_files\core_env_pub.h
header_files\core_main.h
header_files\core_main_priv.h
header_files\cps_1387.h
header_files\cps_1724.h
header_files\cps_1762.h
header_files\cps_1766.h
header_files\cps_1767.h
header_files\cps_1782.h
header_files\cps_1793.h
header_files\cps_1796.h
header_files\cps_1797.h
header_files\cpu.h
header_files\cpu_1387.h
header_files\cpu_1724.h
header_files\cpu_1767.h
header_files\cpu_1782.h
header_files\cpu_1793.h
header_files\cpu_1797.h
header_files\cpu_auto_conf.h
header_files\cpu_dat.h
header_files\cpu_inf.h
header_files\cpu_inl.h
header_files\cpu_priv.h
header_files\cpu_pub.h
header_files\csfr_1387.h
header_files\csfr_1724.h
header_files\csfr_1762.h
header_files\csfr_1766.h
header_files\csfr_1767.h
header_files\csfr_1782.h
header_files\csfr_1793.h
header_files\csfr_1796.h
header_files\csfr_1797.h
header_files\cy327.h
header_files\cy327_auto_conf.h
header_files\cy327_dat.h
header_files\cy327_inf.h
header_files\cy327_inl.h
header_files\cy327_priv.h
header_files\cy327_pub.h
header_files\d2ctr_dat.h
header_files\d2ctr_msg.h
header_files\dbcu_1796.h
header_files\dcan.h
header_files\dcanappl.h
header_files\dcanappl_dat.h
header_files\dcanappl_inf.h
header_files\dcanappl_pub.h
header_files\dcanappl_tp_pub.h
header_files\dcan_dat.h
header_files\dcan_inf.h
header_files\dcan_priv.h
header_files\dcan_pub.h
header_files\ddrc_auto_prot.h
header_files\ddrc_dat.h
header_files\ddrc_inf.h
header_files\ddrc_prot.h
header_files\ddrc_pub.h
header_files\decj_dat.h
header_files\dedia.h
header_files\dekon.h
header_files\deve_dat.h
header_files\deve_msg.h
header_files\devlib.h
header_files\devlib_digouterrhndlr_dat.h
header_files\devlib_digouterrhndlr_inf.h
header_files\devlib_digouterrhndlr_pub.h
header_files\devlib_digout_dat.h
header_files\devlib_digout_inf.h
header_files\devlib_digout_priv.h
header_files\devlib_digout_pub.h
header_files\devlib_macrodef.h
header_files\devlib_msg.h
header_files\devlib_psdiag_dat.h
header_files\devlib_psdiag_inf.h
header_files\devlib_psdiag_priv.h
header_files\devlib_psdiag_pub.h
header_files\devlib_pwmouterrhndlr_dat.h
header_files\devlib_pwmouterrhndlr_inf.h
header_files\devlib_pwmouterrhndlr_pub.h
header_files\devlib_pwmout_dat.h
header_files\devlib_pwmout_inf.h
header_files\devlib_pwmout_priv.h
header_files\devlib_pwmout_pub.h
header_files\devlib_pwrstgstate_dat.h
header_files\devlib_pwrstgstate_inf.h
header_files\devlib_pwrstgstate_inl.h
header_files\devlib_pwrstgstate_priv.h
header_files\devlib_pwrstgstate_prot.h
header_files\devlib_pwrstgstate_pub.h
header_files\devlib_src_dat.h
header_files\devlib_src_inf.h
header_files\devlib_src_pub.h
header_files\devlib_transstage_dat.h
header_files\devlib_transstage_inf.h
header_files\devlib_transstage_priv.h
header_files\devlib_transstage_pub.h
header_files\de_conf.h
header_files\dfc.h
header_files\dfc_auto_pub.h
header_files\dfc_confprot.h
header_files\dfc_dat.h
header_files\dfc_inf.h
header_files\dfc_inl.h
header_files\dfc_prot.h
header_files\dfc_pub.h
header_files\dfes_auto_pub.h
header_files\dfes_dat.h
header_files\dfes_dia.h
header_files\dfes_dia_prot.h
header_files\dfes_dia_pub.h
header_files\dfes_fltcls_cust_auto_pub.h
header_files\dfes_inf.h
header_files\dfes_inl.h
header_files\dfes_msg.h
header_files\dfes_priv.h
header_files\dfes_prot.h
header_files\dfes_pub.h
header_files\dfpcl_dat.h
header_files\dfpm_tip.h
header_files\dfp_auto_pub.h
header_files\dfp_dat.h
header_files\dfp_inf.h
header_files\dfp_prot.h
header_files\dfp_pub.h
header_files\diaactr_elecpsdiag_dat.h
header_files\diaactr_elecpsdiag_inf.h
header_files\diaactr_elecpsdiag_priv.h
header_files\diaactr_elecpsdiag_pub.h
header_files\diag.h
header_files\diagappl.h
header_files\diagappl_dat.h
header_files\diagappl_inf.h
header_files\diagappl_pub.h
header_files\diagcom.h
header_files\diagcomappl.h
header_files\diagcomappl_dat.h
header_files\diagcomappl_inf.h
header_files\diagcomappl_pub.h
header_files\diagcom_auto_conf.h
header_files\diagcom_dat.h
header_files\diagcom_distrib_dat.h
header_files\diagcom_prot.h
header_files\diagcom_pub.h
header_files\diag_auto_conf.h
header_files\diag_dat.h
header_files\diag_distrib_pub.h
header_files\diag_priv.h
header_files\diag_pub.h
header_files\diag_session_dat.h
header_files\diag_session_inf.h
header_files\diag_sess_pub.h
header_files\diag_uhwe_pub.h
header_files\diag_util_dat.h
header_files\diag_util_inf.h
header_files\dinh_auto_pub.h
header_files\dinh_dat.h
header_files\dinh_inf.h
header_files\dinh_prot.h
header_files\dinh_pub.h
header_files\dio.h
header_files\dio_auto_conf.h
header_files\dio_dat.h
header_files\dio_inf.h
header_files\dio_priv.h
header_files\dio_pub.h
header_files\diumpr_auto_confprot.h
header_files\diumpr_auto_pub.h
header_files\diumpr_dat.h
header_files\diumpr_inf.h
header_files\diumpr_inl.h
header_files\diumpr_msg.h
header_files\diumpr_prot.h
header_files\diumpr_pub.h
header_files\dma.h
header_files\dma_1387.h
header_files\dma_1724.h
header_files\dma_1762.h
header_files\dma_1766.h
header_files\dma_1767.h
header_files\dma_1782.h
header_files\dma_1793.h
header_files\dma_1796.h
header_files\dma_1797.h
header_files\dma_auto_conf.h
header_files\dma_dat.h
header_files\dma_inf.h
header_files\dma_pub.h
header_files\dme.h
header_files\dme_auto_conf.h
header_files\dme_auto_confpriv.h
header_files\dme_dat.h
header_files\dme_inf.h
header_files\dme_priv.h
header_files\dme_pub.h
header_files\dmi_1387.h
header_files\dmi_1724.h
header_files\dmi_1762.h
header_files\dmi_1766.h
header_files\dmi_1767.h
header_files\dmi_1782.h
header_files\dmi_1793.h
header_files\dmi_1796.h
header_files\dmi_1797.h
header_files\dmu_1796.h
header_files\dps_tmp.h
header_files\dps_tmp_dat.h
header_files\dsched_auto_confpriv.h
header_files\dsched_cal_dat.h
header_files\dsched_eval_dat.h
header_files\dsched_inf.h
header_files\dsched_inl.h
header_files\dsched_msg.h
header_files\dsched_prot.h
header_files\dsched_pub.h
header_files\dsm.h
header_files\dsm2autosar_dem_auto_pub.h
header_files\dsm2autosar_dem_intevtid.h
header_files\dsm2autosar_fim_auto_pub.h
header_files\dsm2autosar_fim_cfg.h
header_files\dsmapl.h
header_files\dsmappl_fadeout.h
header_files\dsmappl_fadeout_dat.h
header_files\dsmappl_fadeout_priv.h
header_files\dsmappl_fadeout_pub.h
header_files\dsmappl_msg.h
header_files\dsmaux_auto_confpriv.h
header_files\dsmaux_auto_confprot.h
header_files\dsmaux_auto_pub.h
header_files\dsmaux_dat.h
header_files\dsmaux_inf.h
header_files\dsmaux_msg.h
header_files\dsmaux_priv.h
header_files\dsmaux_prot.h
header_files\dsmaux_pub.h
header_files\dsmconf_auto_confprot.h
header_files\dsmconf_auto_pub.h
header_files\dsmdur_auto_pub.h
header_files\dsmdur_dat.h
header_files\dsmdur_inf.h
header_files\dsmdur_msg.h
header_files\dsmdur_prot.h
header_files\dsmdur_pub.h
header_files\dsmrdy_dat.h
header_files\dsmrdy_inf.h
header_files\dsmrdy_prot.h
header_files\dsmrdy_pub.h
header_files\dsm_ascetservices.h
header_files\dsm_confprot.h
header_files\dsm_conf_dat.h
header_files\dsm_conf_inf.h
header_files\dsm_dtrcompu_dat.h
header_files\dsm_friends.h
header_files\dsm_msg.h
header_files\dsq_auto_pub.h
header_files\dsq_dat.h
header_files\dsq_inf.h
header_files\dsq_prot.h
header_files\dsq_pub.h
header_files\dtrg2med_dat.h
header_files\dtr_auto.h
header_files\dtr_auto_pub.h
header_files\dtr_dat.h
header_files\dtr_inf.h
header_files\dtr_prot.h
header_files\dtr_pub.h
header_files\duart_auto_conf.h
header_files\ebu_1782.h
header_files\ebu_1793.h
header_files\ebu_1796.h
header_files\ebu_1797.h
header_files\eec.h
header_files\eec_auto_conf.h
header_files\eec_auto_confpriv.h
header_files\eec_dat.h
header_files\eec_friends.h
header_files\eec_inf.h
header_files\eec_priv.h
header_files\eec_prot.h
header_files\eec_pub.h
header_files\eeebd_auto_confpriv.h
header_files\eeebd_dat.h
header_files\eeebd_inf.h
header_files\eeebd_priv.h
header_files\eeebd_prot.h
header_files\eeepdd_auto_confpriv.h
header_files\eeepdd_dat.h
header_files\eeepdd_inf.h
header_files\eeepdd_inl.h
header_files\eeepdd_priv.h
header_files\eeepdd_pub.h
header_files\eep.h
header_files\eep2med_dat.h
header_files\eephal_dat.h
header_files\eephal_inf.h
header_files\eephal_msg.h
header_files\eephal_priv.h
header_files\eephal_prot.h
header_files\eephal_pub.h
header_files\eepoa.h
header_files\eepoa_dat.h
header_files\eepoa_inf.h
header_files\eepoa_priv.h
header_files\eepoa_pub.h
header_files\eep_auto_conf.h
header_files\eep_auto_confpriv.h
header_files\eesbd_auto_confpriv.h
header_files\eesbd_auto_confprot.h
header_files\eesbd_dat.h
header_files\eesbd_inf.h
header_files\eesbd_priv.h
header_files\eesbd_prot.h
header_files\eespdd_auto_confprot.h
header_files\eespdd_dat.h
header_files\eespdd_inf.h
header_files\eespdd_priv.h
header_files\eespdd_prot.h
header_files\emem_1796.h
header_files\engda_nengrev_pub.h
header_files\engspd_pub.h
header_files\epm.h
header_files\epmbca_prot.h
header_files\epmbcr_prot.h
header_files\epmbcr_pub.h
header_files\epmcas_adap_dat.h
header_files\epmcas_adap_inf.h
header_files\epmcas_adap_prot.h
header_files\epmcas_adap_pub.h
header_files\epmcas_diag_dat.h
header_files\epmcas_diag_inf.h
header_files\epmcas_diag_prot.h
header_files\epmcas_diag_pub.h
header_files\epmcas_meas_dat.h
header_files\epmcas_meas_inf.h
header_files\epmcas_meas_pub.h
header_files\epmcas_msg.h
header_files\epmcas_ofsdiag_dat.h
header_files\epmcas_ofsdiag_inf.h
header_files\epmcas_ofsdiag_prot.h
header_files\epmcas_ofsdiag_pub.h
header_files\epmcas_out_pub.h
header_files\epmcas_prot.h
header_files\epmcas_pub.h
header_files\epmcas_segcor_prot.h
header_files\epmcas_segcor_pub.h
header_files\epmcas_seg_dat.h
header_files\epmcas_seg_inf.h
header_files\epmcas_seg_prot.h
header_files\epmcas_seg_pub.h
header_files\epmcrs_diagsyncinjlost_prot.h
header_files\epmcrs_diagsyncinjlost_pub.h
header_files\epmcrs_diag_dat.h
header_files\epmcrs_diag_inf.h
header_files\epmcrs_diag_prot.h
header_files\epmcrs_diag_pub.h
header_files\epmcrs_msg.h
header_files\epmcrs_plaus_dat.h
header_files\epmcrs_plaus_inf.h
header_files\epmcrs_plaus_prot.h
header_files\epmcrs_plaus_pub.h
header_files\epmcrs_prot.h
header_files\epmcrs_pub.h
header_files\epmcrs_revcnt_dat.h
header_files\epmcrs_revcnt_inf.h
header_files\epmcrs_revcnt_pub.h
header_files\epmcrs_seg_dat.h
header_files\epmcrs_seg_inf.h
header_files\epmcrs_seg_prot.h
header_files\epmcrs_seg_pub.h
header_files\epmcust_prot.h
header_files\epmcust_pub.h
header_files\epmhcas_auto_prot.h
header_files\epmhcas_auto_pub.h
header_files\epmhcas_delay_prot.h
header_files\epmhcas_prot.h
header_files\epmhcas_pub.h
header_files\epmhcas_sigbuf_dat.h
header_files\epmhcas_sigbuf_inf.h
header_files\epmhcas_sigbuf_prot.h
header_files\epmhcas_sigbuf_pub.h
header_files\epmhcas_sigeval_dat.h
header_files\epmhcas_sigeval_inf.h
header_files\epmhcas_sigeval_prot.h
header_files\epmhcas_sigeval_pub.h
header_files\epmhcrs_auto_prot.h
header_files\epmhcrs_interface_dat.h
header_files\epmhcrs_interface_inf.h
header_files\epmhcrs_interface_prot.h
header_files\epmhcrs_interface_pub.h
header_files\epmhcrs_msg.h
header_files\epmhcrs_prot.h
header_files\epmhcrs_pub.h
header_files\epmhcrs_sigbuf_dat.h
header_files\epmhcrs_sigbuf_inf.h
header_files\epmhcrs_sigbuf_prot.h
header_files\epmhcrs_sigbuf_pub.h
header_files\epmhcrs_sigeval_dat.h
header_files\epmhcrs_sigeval_inf.h
header_files\epmhcrs_sigeval_prot.h
header_files\epmhcrs_sigeval_pub.h
header_files\epmhint_auto_prot.h
header_files\epmhint_intgen_dat.h
header_files\epmhint_intgen_inf.h
header_files\epmhint_prot.h
header_files\epmhint_pub.h
header_files\epmhspc_check_prot.h
header_files\epmhwe_auto_conf.h
header_files\epmhwe_ini_dat.h
header_files\epmhwe_ini_inf.h
header_files\epmhwe_ini_pub.h
header_files\epmhwe_prot.h
header_files\epmhwe_pub.h
header_files\epmhwe_srv_dat.h
header_files\epmhwe_srv_inf.h
header_files\epmhwe_srv_pub.h
header_files\epmrrs_agdetect_dat.h
header_files\epmrrs_agdetect_inf.h
header_files\epmrrs_msg.h
header_files\epmrrs_prot.h
header_files\epmrrs_pub.h
header_files\epmseq_msg.h
header_files\epmseq_prot.h
header_files\epmseq_pub.h
header_files\epmseq_statemn_dat.h
header_files\epmseq_statemn_inf.h
header_files\epmsrv_lib_dat.h
header_files\epmsrv_lib_inf.h
header_files\epmsrv_lib_inl.h
header_files\epmsrv_prot.h
header_files\epmsrv_pub.h
header_files\epmsyn_caspos_dat.h
header_files\epmsyn_caspos_inf.h
header_files\epmsyn_caspos_prot.h
header_files\epmsyn_caspos_pub.h
header_files\epmsyn_crspos_dat.h
header_files\epmsyn_crspos_inf.h
header_files\epmsyn_crspos_prot.h
header_files\epmsyn_crspos_pub.h
header_files\epmsyn_injrls_pub.h
header_files\epmsyn_msg.h
header_files\epmsyn_prot.h
header_files\epmsyn_pub.h
header_files\epmtdc_prot.h
header_files\epmtdc_pub.h
header_files\epm_he_prot.h
header_files\epm_he_pub.h
header_files\epm_ini_dat.h
header_files\epm_ini_inf.h
header_files\epm_ini_prot.h
header_files\epm_ini_pub.h
header_files\epm_msg.h
header_files\epm_opmode_dat.h
header_files\epm_opmode_inf.h
header_files\epm_opmode_prot.h
header_files\epm_opmode_pub.h
header_files\epm_pragma.h
header_files\epm_prot.h
header_files\epm_pub.h
header_files\epm_spdgrd_dat.h
header_files\epm_spdgrd_inf.h
header_files\epm_spdgrd_pub.h
header_files\epm_spd_dat.h
header_files\epm_spd_inf.h
header_files\epm_spd_prot.h
header_files\epm_spd_pub.h
header_files\epm_swadp_dat.h
header_files\eray_1387.h
header_files\eray_1782.h
header_files\eray_1793.h
header_files\eray_1797.h
header_files\ercosek.h
header_files\errlmp2med_dat.h
header_files\errlmp2med_msg.h
header_files\eru.h
header_files\eru_auto_conf.h
header_files\eru_dat.h
header_files\eru_inf.h
header_files\eru_pub.h
header_files\esc.h
header_files\esc_msg.h
header_files\esc_prot.h
header_files\esc_pub.h
header_files\esc_stack_dat.h
header_files\esc_stack_inf.h
header_files\esc_tasklink_dat.h
header_files\esc_tasklink_inf.h
header_files\etc.h
header_files\etc_auto_conf.h
header_files\etc_auto_confpriv.h
header_files\etc_inf.h
header_files\etc_msg.h
header_files\etc_priv.h
header_files\etc_pub.h
header_files\etc_std_dat.h
header_files\execon.h
header_files\execon_auto_conf.h
header_files\execon_dat.h
header_files\execon_inf.h
header_files\execon_msg.h
header_files\execon_priv.h
header_files\execon_pub.h
header_files\e_alarm.h
header_files\e_appmod.h
header_files\e_deadln.h
header_files\e_debug.h
header_files\e_error.h
header_files\e_inface.h
header_files\e_inline.h
header_files\e_priocp.h
header_files\e_realtr.h
header_files\e_rtaser.h
header_files\e_rtatr.h
header_files\e_rtav.h
header_files\e_stack.h
header_files\e_std_type.h
header_files\e_system.h
header_files\e_systim.h
header_files\e_tardef.h
header_files\e_tartyp.h
header_files\e_task.h
header_files\e_timtab.h
header_files\fadc.h
header_files\fadc_1724.h
header_files\fadc_1762.h
header_files\fadc_1766.h
header_files\fadc_1767.h
header_files\fadc_1782.h
header_files\fadc_1793.h
header_files\fadc_1796.h
header_files\fadc_1797.h
header_files\fadc_auto_conf.h
header_files\fadc_auto_confpriv.h
header_files\fadc_dat.h
header_files\fadc_inf.h
header_files\fadc_inl.h
header_files\fadc_priv.h
header_files\fadc_pub.h
header_files\fce_1724.h
header_files\fce_1793.h
header_files\fee.h
header_files\fee_cbk.h
header_files\fee_cfg.h
header_files\fee_dat.h
header_files\fee_fcpt.h
header_files\fee_priv.h
header_files\fee_srv.h
header_files\fee_tprot.h
header_files\fim_cfg.h
header_files\flash.h
header_files\flashhndl_dat.h
header_files\flashhndl_inf.h
header_files\flashhndl_prot.h
header_files\flash_1387.h
header_files\flash_1724.h
header_files\flash_1762.h
header_files\flash_1766.h
header_files\flash_1767.h
header_files\flash_1782.h
header_files\flash_1793.h
header_files\flash_1796.h
header_files\flash_1797.h
header_files\flash_auto_conf.h
header_files\flash_pub.h
header_files\fls.h
header_files\fpu_1387.h
header_files\fpu_1724.h
header_files\fpu_1767.h
header_files\fpu_1782.h
header_files\fpu_1793.h
header_files\fpu_1797.h
header_files\gconf_sy_dat.h
header_files\general_1387.h
header_files\general_1724.h
header_files\general_1762.h
header_files\general_1766.h
header_files\general_1767.h
header_files\general_1782.h
header_files\general_1793.h
header_files\general_1796.h
header_files\general_1797.h
header_files\gnu_pragma.h
header_files\gnu_pragma_conf.h
header_files\gnu_pragma_default_conf.h
header_files\gpr_1387.h
header_files\gpr_1724.h
header_files\gpr_1762.h
header_files\gpr_1766.h
header_files\gpr_1767.h
header_files\gpr_1782.h
header_files\gpr_1793.h
header_files\gpr_1796.h
header_files\gpr_1797.h
header_files\gpt12_1387.h
header_files\gpt12_1724.h
header_files\gpt12_1793.h
header_files\gpta.h
header_files\gpta0_1387.h
header_files\gpta0_1724.h
header_files\gpta0_1762.h
header_files\gpta0_1766.h
header_files\gpta0_1767.h
header_files\gpta0_1782.h
header_files\gpta0_1793.h
header_files\gpta0_1796.h
header_files\gpta0_1797.h
header_files\gpta1_1793.h
header_files\gpta1_1796.h
header_files\gpta1_1797.h
header_files\gpta_auto_conf.h
header_files\gpta_bss_pcp.h
header_files\gpta_dat.h
header_files\gpta_inf.h
header_files\gpta_mok_pcp.h
header_files\gpta_priv.h
header_files\gpta_pub.h
header_files\hbr.h
header_files\hbr_auto_conf.h
header_files\hbr_dat.h
header_files\hbr_priv.h
header_files\hbr_pub.h
header_files\hsb_auto_conf.h
header_files\hwsig_dat.h
header_files\i14229.h
header_files\i14229appl.h
header_files\i14229appl_conf.h
header_files\i14229appl_confprot.h
header_files\i14229appl_dsm_prot.h
header_files\i14229appl_inf.h
header_files\i14229appl_rc_dat.h
header_files\i14229appl_rc_inf.h
header_files\i14229appl_rc_prot.h
header_files\i14229appl_rc_pub.h
header_files\i14229appl_seca.h
header_files\i14229appl_seca_dat.h
header_files\i14229appl_std_dat.h
header_files\i14229_auto_conf.h
header_files\i14229_cc_dat.h
header_files\i14229_cc_inf.h
header_files\i14229_cc_prot.h
header_files\i14229_cdi_dat.h
header_files\i14229_cdi_inf.h
header_files\i14229_cdi_pub.h
header_files\i14229_cdtc_dat.h
header_files\i14229_cdtc_inf.h
header_files\i14229_cdtc_pub.h
header_files\i14229_dddi_dat.h
header_files\i14229_dddi_inf.h
header_files\i14229_dddi_pub.h
header_files\i14229_dsc_dat.h
header_files\i14229_dsc_inf.h
header_files\i14229_dsc_pub.h
header_files\i14229_msg.h
header_files\i14229_prot.h
header_files\i14229_pub.h
header_files\i14229_rc_dat.h
header_files\i14229_rc_inf.h
header_files\i14229_rc_pub.h
header_files\i14229_rdbi_dat.h
header_files\i14229_rdbi_inf.h
header_files\i14229_rdbi_pub.h
header_files\i14229_reset_dat.h
header_files\i14229_reset_inf.h
header_files\i14229_reset_pub.h
header_files\i14229_roe_auto_conf.h
header_files\i14229_roe_dat.h
header_files\i14229_roe_inf.h
header_files\i14229_roe_priv.h
header_files\i14229_seca_inf.h
header_files\i14229_seca_prot.h
header_files\i14229_seca_pub.h
header_files\i14229_tpr_dat.h
header_files\i14229_tpr_inf.h
header_files\ifxflash_dat.h
header_files\ifxflash_inf.h
header_files\ifxflash_prot.h
header_files\igcps_glbdef_dat.h
header_files\ignclps.h
header_files\ignclpsdd.h
header_files\ignclpsdd_dat.h
header_files\ignclpsdd_priv.h
header_files\ignclps_conck.h
header_files\ignclps_conck_dat.h
header_files\ignclps_conf.h
header_files\ignclps_dia_dat.h
header_files\ignclps_dia_priv.h
header_files\ignclps_msg.h
header_files\igndd.h
header_files\igndd_auto_conf.h
header_files\igndd_conf.h
header_files\igndd_dat.h
header_files\igndd_msg.h
header_files\igndd_priv.h
header_files\ignh.h
header_files\ignh_auto_conf.h
header_files\ignh_conf.h
header_files\ignh_dat.h
header_files\ignh_gpta_pub.h
header_files\ignh_maxang_pcp.h
header_files\ignh_pcp.h
header_files\ignh_prot_conf.h
header_files\injddpfi.h
header_files\injddpfi_auto_conf.h
header_files\injddpfi_dat.h
header_files\injddpfi_msg.h
header_files\injhpfi.h
header_files\injhpfi_auto_conf.h
header_files\injhpfi_dat.h
header_files\injhpfi_gpta.h
header_files\injhpfi_maxang_pcp.h
header_files\injhpfi_pcp.h
header_files\injhpfi_prot.h
header_files\int.h
header_files\intrinsics.h
header_files\isotp.h
header_files\isotpappl.h
header_files\isotpappl_dat.h
header_files\isotpappl_inf.h
header_files\isotpappl_pub.h
header_files\isotp_auto_conf.h
header_files\isotp_dat.h
header_files\isotp_inf.h
header_files\isotp_priv.h
header_files\isotp_pub.h
header_files\kndetcontrol_dat.h
header_files\kndetcontrol_msg.h
header_files\kndetltest_dat.h
header_files\kndetsigeval.h
header_files\kndetsigeval_dat.h
header_files\kndet_confprot.h
header_files\kndet_conf_dat.h
header_files\kndet_lld_dat.h
header_files\kndet_measwinctl_dat.h
header_files\kndet_measwinintrsrv_dat.h
header_files\kndet_msg.h
header_files\kndet_prot.h
header_files\kndet_subblockintrsrv_dat.h
header_files\l9959.h
header_files\l9959_auto_conf.h
header_files\l9959_dat.h
header_files\l9959_inf.h
header_files\l9959_inl.h
header_files\l9959_priv.h
header_files\l9959_pub.h
header_files\lbcu_1387.h
header_files\lbcu_1724.h
header_files\lbcu_1766.h
header_files\lbcu_1767.h
header_files\lbcu_1782.h
header_files\lbcu_1797.h
header_files\lfi_1387.h
header_files\lfi_1724.h
header_files\lfi_1762.h
header_files\lfi_1766.h
header_files\lfi_1767.h
header_files\lfi_1782.h
header_files\lfi_1796.h
header_files\lfi_1797.h
header_files\lin.h
header_files\linappl.h
header_files\linappl_inf.h
header_files\linappl_pub.h
header_files\linappl_std_dat.h
header_files\lin_api_pub.h
header_files\lin_inf.h
header_files\lin_interface.h
header_files\lin_priv.h
header_files\lin_pub.h
header_files\lin_std_dat.h
header_files\lmu_1793.h
header_files\lsm.h
header_files\lsmhal_auto_conf.h
header_files\lsmhal_dat.h
header_files\ltca2_1767.h
header_files\ltca2_1782.h
header_files\ltca2_1793.h
header_files\ltca2_1796.h
header_files\ltca2_1797.h
header_files\machine.h
header_files\main.h
header_files\mchk_1387.h
header_files\mchk_1724.h
header_files\mchk_1762.h
header_files\mchk_1766.h
header_files\mchk_1767.h
header_files\mchk_1782.h
header_files\mchk_1793.h
header_files\mchk_1796.h
header_files\mchk_1797.h
header_files\med2bassvr_dat.h
header_files\med2bassvr_msg.h
header_files\medc_axispoints_custom_dat.h
header_files\medc_compu_core_dat.h
header_files\medc_compu_custom_dat.h
header_files\medc_compu_ds_dat.h
header_files\medc_compu_ds_gs_dat.h
header_files\medc_fixconst_core_dat.h
header_files\medc_fixconst_custom_dat.h
header_files\medc_fixconst_ds_dat.h
header_files\medc_fixconst_ds_gs_dat.h
header_files\medc_mocompu_celprj_dat.h
header_files\medc_models_core_dat.h
header_files\medc_models_ds_dat.h
header_files\medc_models_ds_gs_dat.h
header_files\medc_simplemodels_dat.h
header_files\memif.h
header_files\memif_cfg.h
header_files\memif_dat.h
header_files\memif_types.h
header_files\memlay.h
header_files\memlay_auto_conf.h
header_files\memlay_auto_confpriv.h
header_files\memlay_conf.h
header_files\memlay_dat.h
header_files\memlay_friends.h
header_files\memlay_inf.h
header_files\memlay_info_conf.h
header_files\memlay_linkepilog_auto_confpriv.h
header_files\memlay_priv.h
header_files\memlay_prot.h
header_files\memlay_pub.h
header_files\memmap.h
header_files\millmp_dd_dat.h
header_files\millmp_msg.h
header_files\millmp_vd.h
header_files\millmp_vd_dat.h
header_files\mli.h
header_files\mli_1387.h
header_files\mli_1724.h
header_files\mli_1762.h
header_files\mli_1766.h
header_files\mli_1767.h
header_files\mli_1782.h
header_files\mli_1793.h
header_files\mli_1796.h
header_files\mli_1797.h
header_files\mli_auto_conf.h
header_files\mli_dat.h
header_files\mli_inf.h
header_files\mli_inl.h
header_files\mli_priv.h
header_files\mli_pub.h
header_files\mm.h
header_files\mmo.h
header_files\mmo_auto_conf.h
header_files\mmo_dat.h
header_files\mmo_inf.h
header_files\mmo_priv.h
header_files\mmo_pub.h
header_files\mmu_1387.h
header_files\mmu_1724.h
header_files\mmu_1767.h
header_files\mmu_1782.h
header_files\mmu_1793.h
header_files\mmu_1797.h
header_files\mm_auto_conf.h
header_files\mm_dat.h
header_files\mm_inf.h
header_files\mm_priv.h
header_files\mm_pub.h
header_files\mocadc_co_dat.h
header_files\mocadc_msg.h
header_files\moccom.h
header_files\moccom_co_dat.h
header_files\moccom_msg.h
header_files\moccpu_co.h
header_files\moccpu_co_dat.h
header_files\mocfc_pub.h
header_files\mocgpta_co_dat.h
header_files\mocmem_co.h
header_files\mocmem_conf.h
header_files\mocmem_conf_dat.h
header_files\mocmem_co_dat.h
header_files\mocmm_pub.h
header_files\mocpcp_co_dat.h
header_files\mocpfc_co_dat.h
header_files\mocram.h
header_files\mocram_co.h
header_files\mocram_co_dat.h
header_files\mocram_inl.h
header_files\mocram_inl_dat.h
header_files\mocram_msg.h
header_files\mocrom_co.h
header_files\mocrom_co_dat.h
header_files\mocrom_msg.h
header_files\mocsop_co.h
header_files\mocsop_co_dat.h
header_files\mocsop_msg.h
header_files\moexe_co.h
header_files\moexe_co_dat.h
header_files\moexe_msg.h
header_files\mofsrv_lib.h
header_files\mofsrv_lib_ascet.h
header_files\mofsrv_lib_ascetclasses.h
header_files\mofsrv_lib_codegen_abs_limit.h
header_files\mofsrv_lib_codegen_add_limit.h
header_files\mofsrv_lib_codegen_div_limit.h
header_files\mofsrv_lib_codegen_muldiv_limit.h
header_files\mofsrv_lib_codegen_mulshright_limit.h
header_files\mofsrv_lib_codegen_mul_limit.h
header_files\mofsrv_lib_codegen_neg_limit.h
header_files\mofsrv_lib_codegen_nolimit.h
header_files\mofsrv_lib_codegen_sub_limit.h
header_files\mofsrv_lib_dat.h
header_files\mofsrv_lib_prot.h
header_files\mofsrv_lib_srvb.h
header_files\mofsrv_lib_srvb_abs.h
header_files\mofsrv_lib_srvb_add.h
header_files\mofsrv_lib_srvb_div.h
header_files\mofsrv_lib_srvb_limit.h
header_files\mofsrv_lib_srvb_mul.h
header_files\mofsrv_lib_srvb_muldiv.h
header_files\mofsrv_lib_srvb_mulshright.h
header_files\mofsrv_lib_srvb_neg.h
header_files\mofsrv_lib_srvb_sub.h
header_files\mo_conf.h
header_files\mo_conf_dat.h
header_files\mo_glbl.h
header_files\mo_glbl_dat.h
header_files\mo_msg.h
header_files\mo_pragma.h
header_files\mo_pub.h
header_files\mo_spiconf.h
header_files\mo_swconf.h
header_files\mpr_1387.h
header_files\mpr_1724.h
header_files\mpr_1762.h
header_files\mpr_1766.h
header_files\mpr_1767.h
header_files\mpr_1782.h
header_files\mpr_1793.h
header_files\mpr_1796.h
header_files\mpr_1797.h
header_files\mrly.h
header_files\mrly2med_dat.h
header_files\mrly2med_msg.h
header_files\mrly_dd.h
header_files\mrly_dd_dat.h
header_files\mrly_msg.h
header_files\mrly_vd.h
header_files\mrly_vd_dat.h
header_files\msc.h
header_files\msc_1724.h
header_files\msc_1762.h
header_files\msc_1766.h
header_files\msc_1767.h
header_files\msc_1782.h
header_files\msc_1793.h
header_files\msc_1796.h
header_files\msc_1797.h
header_files\msc_auto_conf.h
header_files\msc_auto_confpriv.h
header_files\msc_auto_confprot.h
header_files\msc_dat.h
header_files\msc_friends.h
header_files\msc_inf.h
header_files\msc_priv.h
header_files\msc_prot.h
header_files\msc_pub.h
header_files\obs.h
header_files\obshal_auto_conf.h
header_files\obshal_dat.h
header_files\obshal_pub.h
header_files\ocwda_co_dat.h
header_files\ocwda_msg.h
header_files\oem.h
header_files\os.h
header_files\os_auto_conf.h
header_files\os_auto_conf_priv.h
header_files\os_auto_isr_priv.h
header_files\os_conf.h
header_files\os_conf_dat.h
header_files\os_error_priv.h
header_files\os_msg.h
header_files\os_patch_priv.h
header_files\os_priv.h
header_files\os_pub.h
header_files\os_shell_dat.h
header_files\os_shell_inf.h
header_files\ovc_1387.h
header_files\ovc_1724.h
header_files\ovc_1767.h
header_files\ovc_1782.h
header_files\ovc_1793.h
header_files\ovc_1797.h
header_files\p0_1387.h
header_files\p0_1724.h
header_files\p0_1762.h
header_files\p0_1766.h
header_files\p0_1767.h
header_files\p0_1782.h
header_files\p0_1793.h
header_files\p0_1796.h
header_files\p0_1797.h
header_files\p10_1387.h
header_files\p10_1782.h
header_files\p10_1793.h
header_files\p10_1796.h
header_files\p10_1797.h
header_files\p11_1724.h
header_files\p11_1793.h
header_files\p11_1797.h
header_files\p12_1724.h
header_files\p12_1793.h
header_files\p12_1797.h
header_files\p13_1793.h
header_files\p13_1797.h
header_files\p14_1793.h
header_files\p14_1797.h
header_files\p15_1793.h
header_files\p15_1797.h
header_files\p16_1793.h
header_files\p16_1797.h
header_files\p17_1793.h
header_files\p18_1793.h
header_files\p1_1387.h
header_files\p1_1724.h
header_files\p1_1762.h
header_files\p1_1766.h
header_files\p1_1767.h
header_files\p1_1782.h
header_files\p1_1793.h
header_files\p1_1796.h
header_files\p1_1797.h
header_files\p2_1387.h
header_files\p2_1724.h
header_files\p2_1762.h
header_files\p2_1766.h
header_files\p2_1767.h
header_files\p2_1782.h
header_files\p2_1793.h
header_files\p2_1796.h
header_files\p2_1797.h
header_files\p3_1387.h
header_files\p3_1724.h
header_files\p3_1762.h
header_files\p3_1766.h
header_files\p3_1767.h
header_files\p3_1782.h
header_files\p3_1793.h
header_files\p3_1796.h
header_files\p3_1797.h
header_files\p4_1387.h
header_files\p4_1724.h
header_files\p4_1762.h
header_files\p4_1766.h
header_files\p4_1767.h
header_files\p4_1782.h
header_files\p4_1793.h
header_files\p4_1796.h
header_files\p4_1797.h
header_files\p5_1387.h
header_files\p5_1724.h
header_files\p5_1762.h
header_files\p5_1766.h
header_files\p5_1767.h
header_files\p5_1782.h
header_files\p5_1793.h
header_files\p5_1796.h
header_files\p5_1797.h
header_files\p6_1387.h
header_files\p6_1767.h
header_files\p6_1782.h
header_files\p6_1793.h
header_files\p6_1796.h
header_files\p6_1797.h
header_files\p7_1387.h
header_files\p7_1767.h
header_files\p7_1782.h
header_files\p7_1793.h
header_files\p7_1796.h
header_files\p7_1797.h
header_files\p8_1387.h
header_files\p8_1724.h
header_files\p8_1767.h
header_files\p8_1782.h
header_files\p8_1793.h
header_files\p8_1796.h
header_files\p8_1797.h
header_files\p9_1387.h
header_files\p9_1724.h
header_files\p9_1767.h
header_files\p9_1782.h
header_files\p9_1793.h
header_files\p9_1796.h
header_files\p9_1797.h
header_files\pbcu_1796.h
header_files\pcp.h
header_files\pcp_1387.h
header_files\pcp_1724.h
header_files\pcp_1766.h
header_files\pcp_1767.h
header_files\pcp_1782.h
header_files\pcp_1793.h
header_files\pcp_1796.h
header_files\pcp_1797.h
header_files\pcp_auto_conf.h
header_files\pcp_auto_confpriv.h
header_files\pcp_dat.h
header_files\pcp_inf.h
header_files\pcp_mnemonics.h
header_files\pcp_pramdef_auto_conf.h
header_files\pcp_priv.h
header_files\pcp_pub.h
header_files\platform_types.h
header_files\pmd.h
header_files\pmd_auto_conf.h
header_files\pmd_dat.h
header_files\pmd_inf.h
header_files\pmd_priv.h
header_files\pmd_pub.h
header_files\pmi_1387.h
header_files\pmi_1724.h
header_files\pmi_1762.h
header_files\pmi_1766.h
header_files\pmi_1767.h
header_files\pmi_1782.h
header_files\pmi_1793.h
header_files\pmi_1796.h
header_files\pmi_1797.h
header_files\pmu_1387.h
header_files\pmu_1724.h
header_files\pmu_1762.h
header_files\pmu_1766.h
header_files\pmu_1767.h
header_files\pmu_1782.h
header_files\pmu_1793.h
header_files\pmu_1796.h
header_files\pmu_1797.h
header_files\port.h
header_files\port_1387.h
header_files\port_1724.h
header_files\port_1762.h
header_files\port_1766.h
header_files\port_1767.h
header_files\port_1782.h
header_files\port_1793.h
header_files\port_1796.h
header_files\port_1797.h
header_files\port_auto_conf.h
header_files\port_dat.h
header_files\port_inf.h
header_files\port_prot.h
header_files\port_pub.h
header_files\pragma.h
header_files\pragma_customer.h
header_files\pragma_kunde.h
header_files\projectspecific.h
header_files\pwm.h
header_files\pwmhal_dat.h
header_files\pwmhal_inf.h
header_files\pwmhal_pub.h
header_files\pwmin_auto_conf.h
header_files\pwmin_dat.h
header_files\pwmin_friends.h
header_files\pwmin_inf.h
header_files\pwmin_inl.h
header_files\pwmin_priv.h
header_files\pwmin_prot.h
header_files\pwmin_pub.h
header_files\pwmout_auto_conf.h
header_files\pwmout_auto_confpriv.h
header_files\pwmout_dat.h
header_files\pwmout_inf.h
header_files\pwmout_priv.h
header_files\pwmout_pub.h
header_files\pwr.h
header_files\pwr_auto_conf.h
header_files\pwr_dat.h
header_files\pwr_inf.h
header_files\pwr_priv.h
header_files\pwr_pub.h
header_files\rbcu_1796.h
header_files\rb_types.h
header_files\reg.h
header_files\regs_1387.h
header_files\regs_1724.h
header_files\regs_1762.h
header_files\regs_1766.h
header_files\regs_1767.h
header_files\regs_1782.h
header_files\regs_1793.h
header_files\regs_1796.h
header_files\regs_1797.h
header_files\reg_dat.h
header_files\reset.h
header_files\reset_auto_conf.h
header_files\reset_dat.h
header_files\reset_errorhndl_priv.h
header_files\reset_inf.h
header_files\reset_prot.h
header_files\reset_pub.h
header_files\reset_swreset_priv.h
header_files\rmtc.h
header_files\rtatrace.h
header_files\rtmo.h
header_files\rtmo_auto_conf.h
header_files\rtmo_dat.h
header_files\rtmo_inf.h
header_files\rtmo_inl.h
header_files\rtmo_priv.h
header_files\rtmo_pub.h
header_files\sb.h
header_files\sbcu_1387.h
header_files\sbcu_1724.h
header_files\sbcu_1762.h
header_files\sbcu_1766.h
header_files\sbcu_1767.h
header_files\sbcu_1782.h
header_files\sbcu_1793.h
header_files\sbcu_1796.h
header_files\sbcu_1797.h
header_files\sbflash.h
header_files\sbib.h
header_files\sbinfo_prot_conf.h
header_files\sbpotest.h
header_files\sbreset.h
header_files\sbtarget.h
header_files\sbversion.h
header_files\sb_auto_conf.h
header_files\scu_1387.h
header_files\scu_1724.h
header_files\scu_1762.h
header_files\scu_1766.h
header_files\scu_1767.h
header_files\scu_1782.h
header_files\scu_1793.h
header_files\scu_1796.h
header_files\scu_1797.h
header_files\sdma_1793.h
header_files\sent_1793.h
header_files\services.h
header_files\she_1793.h
header_files\sia_emsrls.h
header_files\signals.h
header_files\signals_auto_conf.h
header_files\signals_auto_confpriv.h
header_files\signals_inf.h
header_files\signals_prot.h
header_files\signals_pub.h
header_files\signals_std_dat.h
header_files\smp480.h
header_files\smp480_auto_conf.h
header_files\smp480_dat.h
header_files\smp480_inf.h
header_files\smp480_inl.h
header_files\smp480_priv.h
header_files\smp480_pub.h
header_files\spi.h
header_files\spi_auto_conf.h
header_files\spi_dat.h
header_files\spi_friends.h
header_files\spi_inf.h
header_files\spi_priv.h
header_files\spi_prot.h
header_files\spi_pub.h
header_files\srv.h
header_files\srva.h
header_files\srva_ascet_dat.h
header_files\srvb.h
header_files\srvb_adapter.h
header_files\srvb_adapter_inl.h
header_files\srvb_add.h
header_files\srvb_add_inl.h
header_files\srvb_bit.h
header_files\srvb_bit_inl.h
header_files\srvb_conf.h
header_files\srvb_control.h
header_files\srvb_control_inl.h
header_files\srvb_dat.h
header_files\srvb_div.h
header_files\srvb_div_inl.h
header_files\srvb_inf.h
header_files\srvb_limit.h
header_files\srvb_limit_inl.h
header_files\srvb_mem.h
header_files\srvb_mem_inl.h
header_files\srvb_mul.h
header_files\srvb_mul_inl.h
header_files\srvb_pub.h
header_files\srvb_sort.h
header_files\srvb_stat.h
header_files\srvb_stat_inl.h
header_files\srvb_sub.h
header_files\srvb_sub_inl.h
header_files\srvb_timer.h
header_files\srvb_timer_inl.h
header_files\srvf.h
header_files\srvf_adapter.h
header_files\srvf_adapter_inl.h
header_files\srvf_conf.h
header_files\srvf_control.h
header_files\srvf_controller.h
header_files\srvf_controller_inl.h
header_files\srvf_control_inl.h
header_files\srvf_convert.h
header_files\srvf_convert_inl.h
header_files\srvf_dat.h
header_files\srvf_dt1.h
header_files\srvf_dt1win.h
header_files\srvf_filter.h
header_files\srvf_filter_inl.h
header_files\srvf_inf.h
header_files\srvf_ipo.h
header_files\srvf_iwin.h
header_files\srvf_limit.h
header_files\srvf_limit_inl.h
header_files\srvf_logexp.h
header_files\srvf_pdt1.h
header_files\srvf_pdt1win.h
header_files\srvf_piwin.h
header_files\srvf_pt1.h
header_files\srvf_pub.h
header_files\srvf_pwin.h
header_files\srvf_ramp.h
header_files\srvf_rampswitch.h
header_files\srvf_sort.h
header_files\srvf_stat.h
header_files\srvf_stat_inl.h
header_files\srvf_trig.h
header_files\srvx.h
header_files\srvx_adapter.h
header_files\srvx_adapter_inl.h
header_files\srvx_conf.h
header_files\srvx_control.h
header_files\srvx_controller.h
header_files\srvx_controller_inl.h
header_files\srvx_control_inl.h
header_files\srvx_dat.h
header_files\srvx_deadtime.h
header_files\srvx_debounce.h
header_files\srvx_dt1.h
header_files\srvx_dt1ctrl.h
header_files\srvx_dt1win.h
header_files\srvx_exp.h
header_files\srvx_exp_inl.h
header_files\srvx_filter.h
header_files\srvx_filter_inl.h
header_files\srvx_inf.h
header_files\srvx_int.h
header_files\srvx_ipo.h
header_files\srvx_ipocurve_inl.h
header_files\srvx_ipomap_inl.h
header_files\srvx_iposearch_inl.h
header_files\srvx_iwins16.h
header_files\srvx_pidwin.h
header_files\srvx_piwins16.h
header_files\srvx_pt1s16.h
header_files\srvx_pt1u8.h
header_files\srvx_pwins16.h
header_files\srvx_ramp.h
header_files\srvx_rampswitch.h
header_files\srvx_turnoffondelay.h
header_files\srv_ascetservices.h
header_files\srv_ipoadapter.h
header_files\sscg_1793.h
header_files\ssc_1387.h
header_files\ssc_1724.h
header_files\ssc_1762.h
header_files\ssc_1766.h
header_files\ssc_1767.h
header_files\ssc_1782.h
header_files\ssc_1793.h
header_files\ssc_1796.h
header_files\ssc_1797.h
header_files\stddefme.h
header_files\std_pragma.h
header_files\std_type.h
header_files\std_types.h
header_files\stm58bw016_dat.h
header_files\stm58bw016_inf.h
header_files\stm58bw016_prot.h
header_files\stm_1387.h
header_files\stm_1724.h
header_files\stm_1762.h
header_files\stm_1766.h
header_files\stm_1767.h
header_files\stm_1782.h
header_files\stm_1793.h
header_files\stm_1796.h
header_files\stm_1797.h
header_files\swadp_dat.h
header_files\swadp_msg.h
header_files\swadp_pub.h
header_files\swsh_rb2oem.h
header_files\sws_adc.h
header_files\sws_can.h
header_files\sws_dio.h
header_files\sws_dsm.h
header_files\sws_eep.h
header_files\sws_pwmin.h
header_files\sws_pwmout.h
header_files\syc.h
header_files\syc2me_dat.h
header_files\syc2me_msg.h
header_files\syc_calwakeup_dat.h
header_files\syc_calwakeup_inf.h
header_files\syc_calwakeup_pub.h
header_files\syc_deadline_dat.h
header_files\syc_deadline_inf.h
header_files\syc_deadline_pub.h
header_files\syc_main_dat.h
header_files\syc_main_inf.h
header_files\syc_main_pub.h
header_files\syc_msg.h
header_files\syc_postdrv_dat.h
header_files\syc_postdrv_inf.h
header_files\syc_postdrv_pub.h
header_files\syc_predrv_dat.h
header_files\syc_predrv_inf.h
header_files\syc_predrv_pub.h
header_files\syc_shutdown_dat.h
header_files\syc_shutdown_inf.h
header_files\syc_shutdown_pub.h
header_files\syc_stopcnt_dat.h
header_files\syc_stopcnt_inf.h
header_files\syc_stopcnt_priv.h
header_files\syc_stopcnt_pub.h
header_files\syc_undervltg_dat.h
header_files\syc_undervltg_inf.h
header_files\syc_undervltg_pub.h
header_files\system.h
header_files\t15.h
header_files\t152med_dat.h
header_files\t152med_msg.h
header_files\t15_dd_dat.h
header_files\t15_dd_inf.h
header_files\t15_dd_priv.h
header_files\t15_dd_pub.h
header_files\t15_msg.h
header_files\t15_vd_dat.h
header_files\t15_vd_inf.h
header_files\t15_vd_inl.h
header_files\t15_vd_priv.h
header_files\t15_vd_pub.h
header_files\tp.h
header_files\tprot.h
header_files\tprotgen_dat.h
header_files\tprot_auto_conf.h
header_files\tprot_auto_confdef.h
header_files\tprot_auto_confprot.h
header_files\tprot_auto_def_conf.h
header_files\tprot_auto_mem_conf.h
header_files\tprot_fip_pub.h
header_files\tprot_inf.h
header_files\tprot_info_conf.h
header_files\tprot_pub.h
header_files\tprot_rp_pub.h
header_files\tprot_rttp_errhan_prot.h
header_files\tprot_rttp_proc_priv.h
header_files\tp_dat.h
header_files\tp_pub.h
header_files\uacc.h
header_files\uaccappl.h
header_files\uaccappl_a2ltranslation_conf.h
header_files\uaccappl_conf.h
header_files\uaccappl_dat.h
header_files\uaccappl_ecuid.h
header_files\uaccappl_ecuid_conf.h
header_files\uaccappl_ecuid_dat.h
header_files\uaccappl_ecuid_inf.h
header_files\uaccappl_ecuid_ini.h
header_files\uaccappl_inf.h
header_files\uaccappl_pub.h
header_files\uaccappl_sessioninf_pub.h
header_files\uacc_auto_conf.h
header_files\uacc_dat.h
header_files\uacc_inf.h
header_files\uacc_mem_auto_conf.h
header_files\uacc_mem_priv.h
header_files\uacc_mem_pub.h
header_files\uacc_pub.h
header_files\uart.h
header_files\uart_auto_conf.h
header_files\uart_dat.h
header_files\uart_inf.h
header_files\uart_priv.h
header_files\uart_pub.h
header_files\uego_censrv.h
header_files\uego_censrv_dat.h
header_files\uego_cj135ctl_dat.h
header_files\uego_cj135dateval.h
header_files\uego_cj135dateval_dat.h
header_files\uego_cj135diagsnsr_dat.h
header_files\uego_cj135dia_dat.h
header_files\uego_cj135ipmpeval_dat.h
header_files\uego_cj135rteval_dat.h
header_files\uego_cj135rvschrg_dat.h
header_files\uego_msg.h
header_files\xbar_1793.h
neweagle_files\can_can1.h
neweagle_files\can_general.h
neweagle_files\cgxeooprt.h
neweagle_files\cgxert.h
neweagle_files\data.h
neweagle_files\data_api.h
neweagle_files\eagle_evsr24.h
neweagle_files\eagle_evsr24_private.h
neweagle_files\eagle_evsr24_types.h
neweagle_files\fixedpoint.h
neweagle_files\fixpoint_spec.h
neweagle_files\hw_user.h
neweagle_files\i18n_c_api.h
neweagle_files\libmwslsa_sim.h
neweagle_files\limits.h
neweagle_files\raptor_types.h
neweagle_files\rtwtypes.h
neweagle_files\rtw_continuous.h
neweagle_files\rtw_extmode.h
neweagle_files\rtw_matlogging.h
neweagle_files\rtw_matlogging_simtarget.h
neweagle_files\rtw_solver.h
neweagle_files\rtw_storage.h
neweagle_files\rt_logging_simtarget.h
neweagle_files\sfcn_loader_c_api.h
neweagle_files\sigmapdef_sfcn.h
neweagle_files\sigregdef.h
neweagle_files\sigstream_rtw.h
neweagle_files\simlogcintrf.h
neweagle_files\simstruc.h
neweagle_files\simstruc_compcond.h
neweagle_files\simstruc_debug.h
neweagle_files\simstruc_def.h
neweagle_files\simstruc_implement.h
neweagle_files\simstruc_internal.h
neweagle_files\simstruc_internal_types.h
neweagle_files\simstruc_types.h
neweagle_files\simulink.h
neweagle_files\simulink2.h
neweagle_files\simulink_solver_api.h
neweagle_files\slccrt.h
neweagle_files\slexec_block_runtime_service.h
neweagle_files\slexec_parallel.h
neweagle_files\slexec_simbridge.h
neweagle_files\slexec_simstruct_bridge.h
neweagle_files\slexec_ssexecutioninfo.h
neweagle_files\slexec_vm_lookup_functions.h
neweagle_files\slexec_vm_rt_functions.h
neweagle_files\slexec_vm_simstruct_bridge.h
neweagle_files\slexec_vm_zc_functions.h
neweagle_files\slimagetypes.h
neweagle_files\slsa_sim_engine.h
neweagle_files\slsv_diagnostic_codegen_c_api.h
neweagle_files\slsv_diagnostic_deployment_c_api.h
neweagle_files\slsv_diagnostic_logger_type.h
neweagle_files\slsv_mexhelper.h
neweagle_files\sl_common_types_def.h
neweagle_files\sl_datatype_access.h
neweagle_files\sl_fileio_rtw.h
neweagle_files\sl_fixpt.h
neweagle_files\sl_prodhwdevicetype.h
neweagle_files\sl_report_types.h
neweagle_files\sl_sample_time_defs.h
neweagle_files\sl_sfcn_st_api.h
neweagle_files\sl_solver_rtw.h
neweagle_files\sl_types_def.h
neweagle_files\solver_zc.h
neweagle_files\string.h
neweagle_files\sysran_types.h
neweagle_files\time.h
neweagle_files\xcp_protocol.h
neweagle_files\zero_crossing_types.h
